Flattening unmatched subcell inv in circuit inv_d2 (1)(2 instances)

Class inv_d2 (1):  Merged 2 parallel devices.
Subcircuit summary:
Circuit 1: inv_d2                          |Circuit 2: inv_d2                          
-------------------------------------------|-------------------------------------------
sg13_lv_nmos (1)                           |sg13_lv_nmos (2->1)                        
sg13_lv_pmos (1)                           |sg13_lv_pmos (2->1)                        
Number of devices: 2                       |Number of devices: 2                       
Number of nets: 4                          |Number of nets: 4                          
---------------------------------------------------------------------------------------
Netlists match uniquely.

Subcircuit pins:
Circuit 1: inv_d2                          |Circuit 2: inv_d2                          
-------------------------------------------|-------------------------------------------
VDD                                        |VDD                                        
VOUT                                       |VOUT                                       
VIN                                        |VIN                                        
VSS                                        |VSS                                        
---------------------------------------------------------------------------------------
Cell pin lists are equivalent.
Device classes inv_d2 and inv_d2 are equivalent.

Subcircuit summary:
Circuit 1: inv_d4                          |Circuit 2: inv_d4                          
-------------------------------------------|-------------------------------------------
inv_d2 (2)                                 |inv_d2 (2)                                 
Number of devices: 2                       |Number of devices: 2                       
Number of nets: 4                          |Number of nets: 4                          
---------------------------------------------------------------------------------------
Resolving symmetries by property value.
Resolving symmetries by pin name.
Resolving symmetries by net name.
Netlists match with 1 symmetry.

Subcircuit pins:
Circuit 1: inv_d4                          |Circuit 2: inv_d4                          
-------------------------------------------|-------------------------------------------
VDD                                        |VDD                                        
VOUT                                       |VOUT                                       
VIN                                        |VIN                                        
VSS                                        |VSS                                        
---------------------------------------------------------------------------------------
Cell pin lists are equivalent.
Device classes inv_d4 and inv_d4 are equivalent.

Subcircuit summary:
Circuit 1: inv_d8                          |Circuit 2: inv_d8                          
-------------------------------------------|-------------------------------------------
inv_d4 (2)                                 |inv_d4 (2)                                 
Number of devices: 2                       |Number of devices: 2                       
Number of nets: 4                          |Number of nets: 4                          
---------------------------------------------------------------------------------------
Resolving symmetries by property value.
Resolving symmetries by pin name.
Resolving symmetries by net name.
Netlists match with 1 symmetry.

Subcircuit pins:
Circuit 1: inv_d8                          |Circuit 2: inv_d8                          
-------------------------------------------|-------------------------------------------
VDD                                        |VDD                                        
VOUT                                       |VOUT                                       
VIN                                        |VIN                                        
VSS                                        |VSS                                        
---------------------------------------------------------------------------------------
Cell pin lists are equivalent.
Device classes inv_d8 and inv_d8 are equivalent.
Flattening unmatched subcell inv in circuit buff_d8 (1)(1 instance)

Subcircuit summary:
Circuit 1: buff_d8                         |Circuit 2: buff_d8                         
-------------------------------------------|-------------------------------------------
inv_d2 (1)                                 |inv_d2 (1)                                 
inv_d4 (1)                                 |inv_d4 (1)                                 
inv_d8 (1)                                 |inv_d8 (1)                                 
sg13_lv_nmos (1)                           |sg13_lv_nmos (1)                           
sg13_lv_pmos (1)                           |sg13_lv_pmos (1)                           
Number of devices: 5                       |Number of devices: 5                       
Number of nets: 7                          |Number of nets: 7                          
---------------------------------------------------------------------------------------
Netlists match uniquely with port errors.

Subcircuit pins:
Circuit 1: buff_d8                         |Circuit 2: buff_d8                         
-------------------------------------------|-------------------------------------------
VOUT                                       |VOUT                                       
VIN                                        |VIN                                        
\$3                                        |(no pin, node is net3)                     
VDD                                        |VDD                                        
VSS                                        |VSS                                        
---------------------------------------------------------------------------------------
Cell pin lists for buff_d8 and buff_d8 altered to match.
Device classes buff_d8 and buff_d8 are equivalent.

Subcircuit summary:
Circuit 1: flywheel                        |Circuit 2: flywheel                        
-------------------------------------------|-------------------------------------------
inv_d2 (2)                                 |inv_d2 (2)                                 
Number of devices: 2                       |Number of devices: 2                       
Number of nets: 4                          |Number of nets: 4                          
---------------------------------------------------------------------------------------
Resolving symmetries by property value.
Resolving symmetries by pin name.
Netlists match uniquely.

Subcircuit pins:
Circuit 1: flywheel                        |Circuit 2: flywheel                        
-------------------------------------------|-------------------------------------------
VDD                                        |VDD                                        
PH0                                        |PH0                                        
PH1                                        |PH1                                        
VSS                                        |VSS                                        
---------------------------------------------------------------------------------------
Cell pin lists are equivalent.
Device classes flywheel and flywheel are equivalent.

Subcircuit summary:
Circuit 1: psdiff                          |Circuit 2: psdiff                          
-------------------------------------------|-------------------------------------------
buff_d8 (2)                                |buff_d8 (2)                                
sg13_lv_nmos (4)                           |sg13_lv_nmos (8->4)                        
sg13_lv_pmos (4)                           |sg13_lv_pmos (6->4)                        
Number of devices: 10                      |Number of devices: 10                      
Number of nets: 13                         |Number of nets: 13                         
---------------------------------------------------------------------------------------
Resolving symmetries by property value.
Resolving symmetries by pin name.
Netlists match uniquely with port errors.

Subcircuit pins:
Circuit 1: psdiff                          |Circuit 2: psdiff                          
-------------------------------------------|-------------------------------------------
CTRL                                       |CTRL                                       
VSS                                        |VSS                                        
VDD                                        |VDD                                        
CLKN                                       |CLKN                                       
CLKP                                       |CLKP                                       
VOUTDN                                     |VOUTDN                                     
VOUTDP                                     |VOUTDP                                     
\$I714                                     |(no pin, node is dummy_12)                 
---------------------------------------------------------------------------------------
Cell pin lists for psdiff and psdiff altered to match.
Device classes psdiff and psdiff are equivalent.

Subcircuit summary:
Circuit 1: decap                           |Circuit 2: decap                           
-------------------------------------------|-------------------------------------------
sg13_lv_pmos (2)                           |sg13_lv_pmos (8->2)                        
Number of devices: 2                       |Number of devices: 2                       
Number of nets: 4                          |Number of nets: 4                          
---------------------------------------------------------------------------------------
Resolving symmetries by property value.
Resolving symmetries by pin name.
Netlists match uniquely.

Subcircuit pins:
Circuit 1: decap                           |Circuit 2: decap                           
-------------------------------------------|-------------------------------------------
VDD                                        |VDD                                        
VOUTDP                                     |VOUTDP                                     
VOUTDN                                     |VOUTDN                                     
CTRL                                       |CTRL                                       
---------------------------------------------------------------------------------------
Cell pin lists are equivalent.
Device classes decap and decap are equivalent.

Subcircuit summary:
Circuit 1: 6ph_rosc                        |Circuit 2: 6ph_rosc                        
-------------------------------------------|-------------------------------------------
flywheel (3)                               |flywheel (3)                               
psdiff (3)                                 |psdiff (3)                                 
buff_d8 (6)                                |buff_d8 (6)                                
decap (3)                                  |decap (3)                                  
Number of devices: 15                      |Number of devices: 15                      
Number of nets: 23 **Mismatch**            |Number of nets: 24 **Mismatch**            
---------------------------------------------------------------------------------------
NET mismatches: Class fragments follow (with fanout counts):
Circuit 1: 6ph_rosc                        |Circuit 2: 6ph_rosc                        

---------------------------------------------------------------------------------------
Net: PH0                                   |Net: PH0                                   
  decap/VOUTDN = 1                         |  decap/VOUTDN = 1                         
  buff_d8/VOUT = 1                         |  buff_d8/VOUT = 1                         
  flywheel/PH1 = 1                         |  flywheel/PH1 = 1                         
                                           |                                           
Net: PH1                                   |Net: PH1                                   
  decap/VOUTDN = 1                         |  decap/VOUTDN = 1                         
  buff_d8/VOUT = 1                         |  buff_d8/VOUT = 1                         
  flywheel/PH1 = 1                         |  flywheel/PH0 = 1                         
                                           |                                           
Net: PH2                                   |Net: PH2                                   
  decap/VOUTDN = 1                         |  decap/VOUTDN = 1                         
  buff_d8/VOUT = 1                         |  buff_d8/VOUT = 1                         
  flywheel/PH1 = 1                         |  flywheel/PH1 = 1                         
                                           |                                           
Net: PH3                                   |Net: PH3                                   
  decap/VOUTDP = 1                         |  decap/VOUTDP = 1                         
  buff_d8/VOUT = 1                         |  buff_d8/VOUT = 1                         
  flywheel/PH0 = 1                         |  flywheel/PH0 = 1                         
                                           |                                           
Net: PH4                                   |Net: PH4                                   
  decap/VOUTDP = 1                         |  decap/VOUTDP = 1                         
  buff_d8/VOUT = 1                         |  buff_d8/VOUT = 1                         
  flywheel/PH0 = 1                         |  flywheel/PH1 = 1                         
                                           |                                           
Net: PH5                                   |Net: PH5                                   
  decap/VOUTDP = 1                         |  decap/VOUTDP = 1                         
  buff_d8/VOUT = 1                         |  buff_d8/VOUT = 1                         
  flywheel/PH0 = 1                         |  flywheel/PH0 = 1                         
                                           |                                           
Net: \$2                                   |Net: net4                                  
  psdiff/CLKN = 1                          |  psdiff/VOUTDP = 1                        
  psdiff/VOUTDP = 1                        |  psdiff/CLKN = 1                          
  buff_d8/VIN = 1                          |  buff_d8/VIN = 1                          
                                           |                                           
Net: \$16                                  |Net: net6                                  
  psdiff/CLKN = 1                          |  psdiff/CLKN = 1                          
  psdiff/VOUTDP = 1                        |  psdiff/VOUTDP = 1                        
  buff_d8/VIN = 1                          |  buff_d8/VIN = 1                          
                                           |                                           
Net: \$3                                   |Net: net2                                  
  psdiff/VOUTDP = 1                        |  psdiff/VOUTDP = 1                        
  psdiff/\$I714 = 1                        |  psdiff/CLKN = 1                          
  psdiff/CLKN = 1                          |  buff_d8/VIN = 1                          
  buff_d8/VIN = 1                          |                                           
                                           |                                           
Net: \$I45                                 |Net: dummy_22                              
  psdiff/\$I714 = 1                        |  psdiff/proxy\$I714 = 1                   
                                           |                                           
Net: \$I46                                 |Net: dummy_23                              
  psdiff/\$I714 = 1                        |  psdiff/proxy\$I714 = 1                   
                                           |                                           
(no matching net)                          |Net: dummy_24                              
                                           |  psdiff/proxy\$I714 = 1                   
---------------------------------------------------------------------------------------
Netlists do not match.
Port matching may fail to disambiguate symmetries.

Subcircuit pins:
Circuit 1: 6ph_rosc                        |Circuit 2: 6ph_rosc                        
-------------------------------------------|-------------------------------------------
PH0                                        |PH0                                        
PH1                                        |PH2 **Mismatch**                           
PH2                                        |PH3 **Mismatch**                           
PH3                                        |PH5 **Mismatch**                           
PH4                                        |(no pin, node is net2)                     
PH5                                        |(no pin, node is net6)                     
CTRL                                       |CTRL                                       
VDD                                        |VDD                                        
VSS                                        |VSS                                        
(no pin, node is \$I46)                    |PH4                                        
(no pin, node is \$I46)                    |PH1                                        
---------------------------------------------------------------------------------------
Cell pin lists for 6ph_rosc and 6ph_rosc altered to match.
Device classes 6ph_rosc and 6ph_rosc are equivalent.

Final result: Top level cell failed pin matching.
