Flattening unmatched subcell PI_clk in circuit 6to4 (1)(2 instances)
Flattening unmatched subcell inv_PI_d2 in circuit 6to4 (1)(10 instances)
Flattening unmatched subcell inv_PI in circuit 6to4 (1)(20 instances)
Flattening unmatched subcell buff_PI_d16 in circuit 6to4 (1)(4 instances)
Flattening unmatched subcell inv_PI_d2 in circuit 6to4 (1)(4 instances)
Flattening unmatched subcell inv_PI in circuit 6to4 (1)(8 instances)
Flattening unmatched subcell inv_PI_d4 in circuit 6to4 (1)(4 instances)
Flattening unmatched subcell inv_PI_d2 in circuit 6to4 (1)(8 instances)
Flattening unmatched subcell inv_PI in circuit 6to4 (1)(16 instances)
Flattening unmatched subcell inv_PI_d8 in circuit 6to4 (1)(4 instances)
Flattening unmatched subcell inv_PI_d4 in circuit 6to4 (1)(8 instances)
Flattening unmatched subcell inv_PI_d2 in circuit 6to4 (1)(16 instances)
Flattening unmatched subcell inv_PI in circuit 6to4 (1)(32 instances)
Flattening unmatched subcell inv_PI_d16 in circuit 6to4 (1)(8 instances)
Flattening unmatched subcell inv_PI_d8 in circuit 6to4 (1)(16 instances)
Flattening unmatched subcell inv_PI_d4 in circuit 6to4 (1)(32 instances)
Flattening unmatched subcell inv_PI_d2 in circuit 6to4 (1)(64 instances)
Flattening unmatched subcell inv_PI in circuit 6to4 (1)(128 instances)
Flattening unmatched subcell flywheel_clk in circuit 6to4 (1)(2 instances)
Flattening unmatched subcell inv_d4 in circuit 6to4 (1)(2 instances)
Flattening unmatched subcell inv_d2 in circuit 6to4 (1)(6 instances)
Flattening unmatched subcell inv in circuit 6to4 (1)(12 instances)
Flattening unmatched subcell inv_PI_d32 in circuit 6to4 (1)(4 instances)
Flattening unmatched subcell inv_PI_d16 in circuit 6to4 (1)(8 instances)
Flattening unmatched subcell inv_PI_d8 in circuit 6to4 (1)(16 instances)
Flattening unmatched subcell inv_PI_d4 in circuit 6to4 (1)(32 instances)
Flattening unmatched subcell inv_PI_d2 in circuit 6to4 (1)(64 instances)
Flattening unmatched subcell inv_PI in circuit 6to4 (1)(128 instances)

Class 6to4 (1):  Merged 612 parallel devices.
Subcircuit summary:
Circuit 1: 6to4                            |Circuit 2: 6to4                            
-------------------------------------------|-------------------------------------------
sg13_lv_nmos (38)                          |sg13_lv_nmos (344->38)                     
sg13_lv_pmos (38)                          |sg13_lv_pmos (344->38)                     
Number of devices: 76                      |Number of devices: 76                      
Number of nets: 40                         |Number of nets: 40                         
---------------------------------------------------------------------------------------
NET mismatches: Class fragments follow (with fanout counts):
Circuit 1: 6to4                            |Circuit 2: 6to4                            

---------------------------------------------------------------------------------------
Net: VIN                                   |Net: buff_PI_d16:3/net2                    
  sg13_lv_nmos/gate = 1                    |  sg13_lv_pmos/(drain|source) = 1          
  sg13_lv_pmos/gate = 1                    |  sg13_lv_nmos/(drain|source) = 1          
                                           |  sg13_lv_pmos/gate = 1                    
                                           |  sg13_lv_nmos/gate = 1                    
                                           |                                           
Net: VIN$1                                 |Net: buff_PI_d16:4/net2                    
  sg13_lv_nmos/gate = 1                    |  sg13_lv_pmos/(drain|source) = 1          
  sg13_lv_pmos/gate = 1                    |  sg13_lv_nmos/(drain|source) = 1          
                                           |  sg13_lv_pmos/gate = 1                    
                                           |  sg13_lv_nmos/gate = 1                    
                                           |                                           
Net: V3|VIN                                |Net: buff_PI_d16:5/net2                    
  sg13_lv_nmos/gate = 1                    |  sg13_lv_pmos/(drain|source) = 1          
  sg13_lv_pmos/gate = 1                    |  sg13_lv_nmos/(drain|source) = 1          
                                           |  sg13_lv_pmos/gate = 1                    
                                           |  sg13_lv_nmos/gate = 1                    
                                           |                                           
Net: VIN$2                                 |Net: buff_PI_d16:6/net2                    
  sg13_lv_nmos/gate = 1                    |  sg13_lv_pmos/(drain|source) = 1          
  sg13_lv_pmos/gate = 1                    |  sg13_lv_nmos/(drain|source) = 1          
                                           |  sg13_lv_pmos/gate = 1                    
                                           |  sg13_lv_nmos/gate = 1                    
                                           |                                           
Net: VIN$3                                 |Net: V0                                    
  sg13_lv_nmos/gate = 1                    |  sg13_lv_pmos/gate = 1                    
  sg13_lv_pmos/gate = 1                    |  sg13_lv_nmos/gate = 1                    
                                           |                                           
Net: V0|VIN                                |Net: V3                                    
  sg13_lv_nmos/gate = 1                    |  sg13_lv_pmos/gate = 1                    
  sg13_lv_pmos/gate = 1                    |  sg13_lv_nmos/gate = 1                    
                                           |                                           
Net: PH0|VIN|VOUT                          |Net: v270                                  
  sg13_lv_nmos/gate = 2                    |  sg13_lv_pmos/(drain|source) = 2          
  sg13_lv_nmos/(drain|source) = 3          |  sg13_lv_nmos/(drain|source) = 2          
  sg13_lv_pmos/gate = 2                    |  sg13_lv_pmos/gate = 2                    
  sg13_lv_pmos/(drain|source) = 3          |  sg13_lv_nmos/gate = 2                    
                                           |                                           
Net: PH1|VIN|VOUT                          |Net: v90                                   
  sg13_lv_nmos/(drain|source) = 3          |  sg13_lv_pmos/(drain|source) = 2          
  sg13_lv_nmos/gate = 2                    |  sg13_lv_nmos/(drain|source) = 2          
  sg13_lv_pmos/(drain|source) = 3          |  sg13_lv_pmos/gate = 2                    
  sg13_lv_pmos/gate = 2                    |  sg13_lv_nmos/gate = 2                    
                                           |                                           
Net: PH1|PHOUT|VIN|VOUT                    |Net: v360                                  
  sg13_lv_nmos/(drain|source) = 3          |  sg13_lv_pmos/(drain|source) = 2          
  sg13_lv_nmos/gate = 2                    |  sg13_lv_nmos/(drain|source) = 2          
  sg13_lv_pmos/(drain|source) = 3          |  sg13_lv_pmos/gate = 2                    
  sg13_lv_pmos/gate = 2                    |  sg13_lv_nmos/gate = 2                    
                                           |                                           
Net: PH0|PHOUT|VIN|VOUT                    |Net: v180                                  
  sg13_lv_nmos/gate = 2                    |  sg13_lv_pmos/(drain|source) = 2          
  sg13_lv_nmos/(drain|source) = 3          |  sg13_lv_nmos/(drain|source) = 2          
  sg13_lv_pmos/(drain|source) = 3          |  sg13_lv_pmos/gate = 2                    
  sg13_lv_pmos/gate = 2                    |  sg13_lv_nmos/gate = 2                    
---------------------------------------------------------------------------------------
Netlists do not match.
Port matching may fail to disambiguate symmetries.

Subcircuit pins:
Circuit 1: 6to4                            |Circuit 2: 6to4                            
-------------------------------------------|-------------------------------------------
VIN                                        |(no pin, node is buff_PI_d16:3/net2)       
VIN$1                                      |(no pin, node is buff_PI_d16:4/net2)       
V3|VIN                                     |(no pin, node is buff_PI_d16:5/net2)       
VIN$2                                      |(no pin, node is buff_PI_d16:6/net2)       
VIN$3                                      |V0 **Mismatch**                            
V0|VIN                                     |V3 **Mismatch**                            
PH0|VIN|VOUT                               |(no pin, node is v270)                     
PH1|VIN|VOUT                               |(no pin, node is v90)                      
PH1|PHOUT|VIN|VOUT                         |(no pin, node is v360)                     
PH0|PHOUT|VIN|VOUT                         |(no pin, node is v180)                     
VIN|VOUT$1                                 |(no pin, node is net9)                     
VIN|VOUT$6                                 |(no pin, node is net10)                    
VIN|VOUT$9                                 |(no pin, node is buff_PI_d16:3/net1)       
VIN|VOUT$11                                |(no pin, node is buff_PI_d16:4/net1)       
VIN|VOUT$16                                |(no pin, node is buff_PI_d16:5/net1)       
VIN|VOUT$19                                |(no pin, node is buff_PI_d16:6/net1)       
VIN|VOUT$17                                |(no pin, node is buff_PI_d16:6/net3)       
VIN|VOUT$12                                |(no pin, node is buff_PI_d16:5/net3)       
VIN|VOUT$7                                 |(no pin, node is buff_PI_d16:4/net3)       
VIN|VOUT$2                                 |(no pin, node is buff_PI_d16:3/net3)       
VIN|VOUT$3                                 |(no pin, node is net6)                     
VIN|VOUT$8                                 |(no pin, node is net7)                     
VIN|VOUT$13                                |(no pin, node is net5)                     
VIN|VOUT$18                                |(no pin, node is net8)                     
VIN|VOUT$15                                |(no pin, node is net1)                     
VIN|VOUT$10                                |(no pin, node is net4)                     
VIN|VOUT$5                                 |(no pin, node is net3)                     
VIN|VOUT                                   |(no pin, node is net2)                     
PH1|V5|VIN                                 |V4 **Mismatch**                            
PH0|V4|VIN                                 |V5 **Mismatch**                            
PH1|V2|VIN                                 |V1 **Mismatch**                            
PH0|V1|VIN                                 |V2 **Mismatch**                            
PH270|VOUT                                 |PH180 **Mismatch**                         
PH180|VOUT                                 |PH90 **Mismatch**                          
PH90|VOUT                                  |PH0 **Mismatch**                           
PH0|VOUT                                   |PH270 **Mismatch**                         
VIN|VOUT$14                                |(no pin, node is PI_clk:2/net1)            
VIN|VOUT$4                                 |(no pin, node is PI_clk:16/net1)           
VDD                                        |VDD                                        
VSS                                        |VSS                                        
---------------------------------------------------------------------------------------
Cell pin lists for 6to4 and 6to4 altered to match.
Device classes 6to4 and 6to4 are equivalent.

Final result: Top level cell failed pin matching.
