Flattening unmatched subcell inv in circuit inv_d2 (1)(2 instances)

Class inv_d2 (1):  Merged 2 parallel devices.
Subcircuit summary:
Circuit 1: inv_d2                          |Circuit 2: inv_d2                          
-------------------------------------------|-------------------------------------------
sg13_lv_nmos (1)                           |sg13_lv_nmos (2->1)                        
sg13_lv_pmos (1)                           |sg13_lv_pmos (2->1)                        
Number of devices: 2                       |Number of devices: 2                       
Number of nets: 4                          |Number of nets: 4                          
---------------------------------------------------------------------------------------
Netlists match uniquely.

Subcircuit pins:
Circuit 1: inv_d2                          |Circuit 2: inv_d2                          
-------------------------------------------|-------------------------------------------
VDD                                        |VDD                                        
VOUT                                       |VOUT                                       
VIN                                        |VIN                                        
VSS                                        |VSS                                        
---------------------------------------------------------------------------------------
Cell pin lists are equivalent.
Device classes inv_d2 and inv_d2 are equivalent.

Subcircuit summary:
Circuit 1: inv_d4                          |Circuit 2: inv_d4                          
-------------------------------------------|-------------------------------------------
inv_d2 (2)                                 |inv_d2 (2)                                 
Number of devices: 2                       |Number of devices: 2                       
Number of nets: 4                          |Number of nets: 4                          
---------------------------------------------------------------------------------------
Resolving symmetries by property value.
Resolving symmetries by pin name.
Resolving symmetries by net name.
Netlists match with 1 symmetry.

Subcircuit pins:
Circuit 1: inv_d4                          |Circuit 2: inv_d4                          
-------------------------------------------|-------------------------------------------
VDD                                        |VDD                                        
VOUT                                       |VOUT                                       
VIN                                        |VIN                                        
VSS                                        |VSS                                        
---------------------------------------------------------------------------------------
Cell pin lists are equivalent.
Device classes inv_d4 and inv_d4 are equivalent.

Subcircuit summary:
Circuit 1: inv_d8                          |Circuit 2: inv_d8                          
-------------------------------------------|-------------------------------------------
inv_d4 (2)                                 |inv_d4 (2)                                 
Number of devices: 2                       |Number of devices: 2                       
Number of nets: 4                          |Number of nets: 4                          
---------------------------------------------------------------------------------------
Resolving symmetries by property value.
Resolving symmetries by pin name.
Resolving symmetries by net name.
Netlists match with 1 symmetry.

Subcircuit pins:
Circuit 1: inv_d8                          |Circuit 2: inv_d8                          
-------------------------------------------|-------------------------------------------
VDD                                        |VDD                                        
VOUT                                       |VOUT                                       
VIN                                        |VIN                                        
VSS                                        |VSS                                        
---------------------------------------------------------------------------------------
Cell pin lists are equivalent.
Device classes inv_d8 and inv_d8 are equivalent.
Flattening unmatched subcell inv in circuit buff_d8 (1)(1 instance)

Subcircuit summary:
Circuit 1: buff_d8                         |Circuit 2: buff_d8                         
-------------------------------------------|-------------------------------------------
inv_d2 (1)                                 |inv_d2 (1)                                 
inv_d4 (1)                                 |inv_d4 (1)                                 
inv_d8 (1)                                 |inv_d8 (1)                                 
sg13_lv_nmos (1)                           |sg13_lv_nmos (1)                           
sg13_lv_pmos (1)                           |sg13_lv_pmos (1)                           
Number of devices: 5                       |Number of devices: 5                       
Number of nets: 7                          |Number of nets: 7                          
---------------------------------------------------------------------------------------
Netlists match uniquely.

Subcircuit pins:
Circuit 1: buff_d8                         |Circuit 2: buff_d8                         
-------------------------------------------|-------------------------------------------
VOUT                                       |VOUT                                       
VIN                                        |VIN                                        
VDD                                        |VDD                                        
VSS                                        |VSS                                        
---------------------------------------------------------------------------------------
Cell pin lists are equivalent.
Device classes buff_d8 and buff_d8 are equivalent.

Subcircuit summary:
Circuit 1: psdiff                          |Circuit 2: psdiff                          
-------------------------------------------|-------------------------------------------
buff_d8 (2)                                |buff_d8 (2)                                
sg13_lv_nmos (4)                           |sg13_lv_nmos (8->4)                        
sg13_lv_pmos (3)                           |sg13_lv_pmos (6->4) **Mismatch**           
Number of devices: 9 **Mismatch**          |Number of devices: 10 **Mismatch**         
Number of nets: 11                         |Number of nets: 11                         
---------------------------------------------------------------------------------------
NET mismatches: Class fragments follow (with fanout counts):
Circuit 1: psdiff                          |Circuit 2: psdiff                          

---------------------------------------------------------------------------------------
Net: \$3                                   |Net: net1                                  
  buff_d8/VIN = 2                          |  sg13_lv_nmos/(drain|source) = 2          
  sg13_lv_nmos/(drain|source) = 4          |  sg13_lv_pmos/(drain|source) = 2          
  sg13_lv_pmos/(drain|source) = 3          |  buff_d8/VIN = 1                          
                                           |                                           
Net: \$119                                 |Net: net2                                  
  sg13_lv_pmos/gate = 1                    |  sg13_lv_nmos/(drain|source) = 2          
                                           |  sg13_lv_pmos/(drain|source) = 2          
                                           |  buff_d8/VIN = 1                          
                                           |                                           
Net: VSS                                   |Net: VSS                                   
  buff_d8/VSS = 2                          |  buff_d8/VSS = 2                          
  sg13_lv_nmos/(drain|source) = 2          |  sg13_lv_nmos/(drain|source) = 2          
  sg13_lv_nmos/bulk = 4                    |  sg13_lv_nmos/bulk = 4                    
                                           |  sg13_lv_pmos/gate = 2                    
                                           |                                           
Net: VDD                                   |Net: VDD                                   
  buff_d8/VDD = 2                          |  buff_d8/VDD = 2                          
  sg13_lv_pmos/(drain|source) = 3          |  sg13_lv_pmos/(drain|source) = 4          
  sg13_lv_pmos/bulk = 3                    |  sg13_lv_pmos/bulk = 4                    
---------------------------------------------------------------------------------------
DEVICE mismatches: Class fragments follow (with node fanout counts):
Circuit 1: psdiff                          |Circuit 2: psdiff                          

---------------------------------------------------------------------------------------
Instance: sg13_lv_pmos:$61                 |Instance: sg13_lv_pmos:7                   
  (drain,source) = (9,8)                   |  (drain,source) = (10,5)                  
  gate = 1                                 |  gate = 10                                
  bulk = 8                                 |  bulk = 10                                
                                           |                                           
(no matching instance)                     |Instance: sg13_lv_pmos:8                   
                                           |  (drain,source) = (10,5)                  
                                           |  gate = 10                                
                                           |  bulk = 10                                
                                           |                                           
---------------------------------------------------------------------------------------
Netlists do not match.
Port matching may fail to disambiguate symmetries.

Subcircuit pins:
Circuit 1: psdiff                          |Circuit 2: psdiff                          
-------------------------------------------|-------------------------------------------
VSS                                        |(no pin, node is net1)                     
VDD                                        |(no pin, node is net2)                     
CLKN                                       |CLKN                                       
CLKP                                       |CLKP                                       
VOUTDN                                     |VOUTDN                                     
VOUTDP                                     |VOUTDP                                     
(no pin, node is \$119)                    |VDD                                        
(no pin, node is \$118)                    |CTRL                                       
(no pin, node is \$119)                    |VSS                                        
---------------------------------------------------------------------------------------
Cell pin lists for psdiff and psdiff altered to match.
Device classes psdiff and psdiff are equivalent.

Final result: Top level cell failed pin matching.
