Flattening unmatched subcell inv_PI in circuit inv_PI_d2 (1)(2 instances)

Class inv_PI_d2 (1):  Merged 2 parallel devices.
Subcircuit summary:
Circuit 1: inv_PI_d2                       |Circuit 2: inv_PI_d2                       
-------------------------------------------|-------------------------------------------
sg13_lv_nmos (1)                           |sg13_lv_nmos (2->1)                        
sg13_lv_pmos (1)                           |sg13_lv_pmos (2->1)                        
Number of devices: 2                       |Number of devices: 2                       
Number of nets: 4                          |Number of nets: 4                          
---------------------------------------------------------------------------------------
Netlists match uniquely.

Subcircuit pins:
Circuit 1: inv_PI_d2                       |Circuit 2: inv_PI_d2                       
-------------------------------------------|-------------------------------------------
VDD                                        |VDD                                        
VOUT                                       |VOUT                                       
VIN                                        |VIN                                        
VSS                                        |VSS                                        
---------------------------------------------------------------------------------------
Cell pin lists are equivalent.
Device classes inv_PI_d2 and inv_PI_d2 are equivalent.

Subcircuit summary:
Circuit 1: inv_PI_d4                       |Circuit 2: inv_PI_d4                       
-------------------------------------------|-------------------------------------------
inv_PI_d2 (2)                              |inv_PI_d2 (2)                              
Number of devices: 2                       |Number of devices: 2                       
Number of nets: 4                          |Number of nets: 4                          
---------------------------------------------------------------------------------------
Resolving symmetries by property value.
Resolving symmetries by pin name.
Resolving symmetries by net name.
Netlists match with 1 symmetry.

Subcircuit pins:
Circuit 1: inv_PI_d4                       |Circuit 2: inv_PI_d4                       
-------------------------------------------|-------------------------------------------
VDD                                        |VDD                                        
VOUT                                       |VOUT                                       
VIN                                        |VIN                                        
VSS                                        |VSS                                        
---------------------------------------------------------------------------------------
Cell pin lists are equivalent.
Device classes inv_PI_d4 and inv_PI_d4 are equivalent.

Subcircuit summary:
Circuit 1: inv_PI_d8                       |Circuit 2: inv_PI_d8                       
-------------------------------------------|-------------------------------------------
inv_PI_d4 (2)                              |inv_PI_d4 (2)                              
Number of devices: 2                       |Number of devices: 2                       
Number of nets: 4                          |Number of nets: 4                          
---------------------------------------------------------------------------------------
Resolving symmetries by property value.
Resolving symmetries by pin name.
Resolving symmetries by net name.
Netlists match with 1 symmetry.

Subcircuit pins:
Circuit 1: inv_PI_d8                       |Circuit 2: inv_PI_d8                       
-------------------------------------------|-------------------------------------------
VDD                                        |VDD                                        
VOUT                                       |VOUT                                       
VIN                                        |VIN                                        
VSS                                        |VSS                                        
---------------------------------------------------------------------------------------
Cell pin lists are equivalent.
Device classes inv_PI_d8 and inv_PI_d8 are equivalent.

Subcircuit summary:
Circuit 1: inv_PI_d16                      |Circuit 2: inv_PI_d16                      
-------------------------------------------|-------------------------------------------
inv_PI_d8 (2)                              |inv_PI_d8 (2)                              
Number of devices: 2                       |Number of devices: 2                       
Number of nets: 4                          |Number of nets: 4                          
---------------------------------------------------------------------------------------
Resolving symmetries by property value.
Resolving symmetries by pin name.
Resolving symmetries by net name.
Netlists match with 1 symmetry.

Subcircuit pins:
Circuit 1: inv_PI_d16                      |Circuit 2: inv_PI_d16                      
-------------------------------------------|-------------------------------------------
VDD                                        |VDD                                        
VOUT                                       |VOUT                                       
VIN                                        |VIN                                        
VSS                                        |VSS                                        
---------------------------------------------------------------------------------------
Cell pin lists are equivalent.
Device classes inv_PI_d16 and inv_PI_d16 are equivalent.

Subcircuit summary:
Circuit 1: buff_PI_d16                     |Circuit 2: buff_PI_d16                     
-------------------------------------------|-------------------------------------------
inv_PI_d16 (1)                             |inv_PI_d16 (1)                             
inv_PI_d8 (1)                              |inv_PI_d8 (1)                              
inv_PI_d2 (1)                              |inv_PI_d2 (1)                              
inv_PI_d4 (1)                              |inv_PI_d4 (1)                              
Number of devices: 4                       |Number of devices: 4                       
Number of nets: 5 **Mismatch**             |Number of nets: 7 **Mismatch**             
---------------------------------------------------------------------------------------
NET mismatches: Class fragments follow (with fanout counts):
Circuit 1: buff_PI_d16                     |Circuit 2: buff_PI_d16                     

---------------------------------------------------------------------------------------
Net: VDD|VSS                               |Net: net3                                  
  inv_PI_d16/VDD = 1                       |  inv_PI_d8/VOUT = 1                       
  inv_PI_d16/VSS = 1                       |  inv_PI_d16/VIN = 1                       
  inv_PI_d16/VIN = 1                       |                                           
  inv_PI_d8/VOUT = 1                       |                                           
  inv_PI_d8/VSS = 1                        |                                           
  inv_PI_d8/VDD = 1                        |                                           
  inv_PI_d2/VSS = 1                        |                                           
  inv_PI_d2/VDD = 1                        |                                           
  inv_PI_d4/VSS = 1                        |                                           
  inv_PI_d4/VDD = 1                        |                                           
                                           |                                           
(no matching net)                          |Net: VDD                                   
                                           |  inv_PI_d2/VDD = 1                        
                                           |  inv_PI_d4/VDD = 1                        
                                           |  inv_PI_d8/VDD = 1                        
                                           |  inv_PI_d16/VDD = 1                       
                                           |                                           
(no matching net)                          |Net: VSS                                   
                                           |  inv_PI_d2/VSS = 1                        
                                           |  inv_PI_d4/VSS = 1                        
                                           |  inv_PI_d8/VSS = 1                        
                                           |  inv_PI_d16/VSS = 1                       
---------------------------------------------------------------------------------------
Netlists do not match.
Port matching may fail to disambiguate symmetries.

Subcircuit pins:
Circuit 1: buff_PI_d16                     |Circuit 2: buff_PI_d16                     
-------------------------------------------|-------------------------------------------
VDD|VSS                                    |(no pin, node is net3)                     
VIN                                        |VIN                                        
VOUT                                       |VOUT                                       
(no pin, node is VDD|VSS)                  |VDD                                        
(no pin, node is VDD|VSS)                  |VSS                                        
---------------------------------------------------------------------------------------
Cell pin lists for buff_PI_d16 and buff_PI_d16 altered to match.
Device classes buff_PI_d16 and buff_PI_d16 are equivalent.

Final result: Top level cell failed pin matching.
