
Subcircuit summary:
Circuit 1: tg_custom                       |Circuit 2: tg_custom                       
-------------------------------------------|-------------------------------------------
sg13_lv_nmos (1)                           |sg13_lv_nmos (1)                           
sg13_lv_pmos (1)                           |sg13_lv_pmos (1)                           
Number of devices: 2                       |Number of devices: 2                       
Number of nets: 6                          |Number of nets: 6                          
---------------------------------------------------------------------------------------
Resolving symmetries by property value.
Resolving symmetries by pin name.
Netlists match uniquely.

Subcircuit pins:
Circuit 1: tg_custom                       |Circuit 2: tg_custom                       
-------------------------------------------|-------------------------------------------
VSN                                        |VSN                                        
VBN                                        |VBN                                        
VSP                                        |VSP                                        
VBP                                        |VBP                                        
VOUT                                       |VOUT                                       
VIN                                        |VIN                                        
---------------------------------------------------------------------------------------
Cell pin lists are equivalent.
Device classes tg_custom and tg_custom are equivalent.

Subcircuit summary:
Circuit 1: inv                             |Circuit 2: inv                             
-------------------------------------------|-------------------------------------------
sg13_lv_nmos (1)                           |sg13_lv_nmos (1)                           
sg13_lv_pmos (1)                           |sg13_lv_pmos (1)                           
Number of devices: 2                       |Number of devices: 2                       
Number of nets: 4                          |Number of nets: 4                          
---------------------------------------------------------------------------------------
Netlists match uniquely.

Subcircuit pins:
Circuit 1: inv                             |Circuit 2: inv                             
-------------------------------------------|-------------------------------------------
VOUT                                       |VOUT                                       
VIN                                        |VIN                                        
VDD                                        |VDD                                        
VSS                                        |VSS                                        
---------------------------------------------------------------------------------------
Cell pin lists are equivalent.
Device classes inv and inv are equivalent.

Subcircuit summary:
Circuit 1: reg_v2                          |Circuit 2: reg_v2                          
-------------------------------------------|-------------------------------------------
tg_custom (4)                              |tg_custom (4)                              
inv (7)                                    |inv (7)                                    
Number of devices: 11                      |Number of devices: 11                      
Number of nets: 13                         |Number of nets: 13                         
---------------------------------------------------------------------------------------
Netlists match uniquely.

Subcircuit pins:
Circuit 1: reg_v2                          |Circuit 2: reg_v2                          
-------------------------------------------|-------------------------------------------
D                                          |D                                          
Q                                          |Q                                          
CLK                                        |CLK                                        
VDD                                        |VDD                                        
VSS                                        |VSS                                        
---------------------------------------------------------------------------------------
Cell pin lists are equivalent.
Device classes reg_v2 and reg_v2 are equivalent.

Subcircuit summary:
Circuit 1: div_freq_x2                     |Circuit 2: div_freq_x2                     
-------------------------------------------|-------------------------------------------
reg_v2 (1)                                 |reg_v2 (1)                                 
inv (1)                                    |inv (1)                                    
Number of devices: 2                       |Number of devices: 2                       
Number of nets: 5                          |Number of nets: 5                          
---------------------------------------------------------------------------------------
Netlists match uniquely.

Subcircuit pins:
Circuit 1: div_freq_x2                     |Circuit 2: div_freq_x2                     
-------------------------------------------|-------------------------------------------
CLKIN                                      |CLKIN                                      
VDD                                        |VDD                                        
VSS                                        |VSS                                        
CLKOUT                                     |CLKOUT                                     
---------------------------------------------------------------------------------------
Cell pin lists are equivalent.
Device classes div_freq_x2 and div_freq_x2 are equivalent.

Final result: Circuits match uniquely.
.
