Flattening unmatched subcell inv_PI in circuit inv_PI_d2 (1)(2 instances)

Class inv_PI_d2 (1):  Merged 2 parallel devices.
Subcircuit summary:
Circuit 1: inv_PI_d2                       |Circuit 2: inv_PI_d2                       
-------------------------------------------|-------------------------------------------
sg13_lv_nmos (1)                           |sg13_lv_nmos (2->1)                        
(no matching element)                      |sg13_lv_pmos (2->1)                        
Number of devices: 1 **Mismatch**          |Number of devices: 2 **Mismatch**          
Number of nets: 3 **Mismatch**             |Number of nets: 4 **Mismatch**             
---------------------------------------------------------------------------------------
NET mismatches: Class fragments follow (with fanout counts):
Circuit 1: inv_PI_d2                       |Circuit 2: inv_PI_d2                       

---------------------------------------------------------------------------------------
Net: VIN                                   |Net: VIN                                   
  sg13_lv_nmos/gate = 1                    |  sg13_lv_nmos/gate = 1                    
                                           |  sg13_lv_pmos/gate = 1                    
                                           |                                           
Net: VOUT                                  |Net: VOUT                                  
  sg13_lv_nmos/(drain|source) = 1          |  sg13_lv_nmos/(drain|source) = 1          
                                           |  sg13_lv_pmos/(drain|source) = 1          
                                           |                                           
(no matching net)                          |Net: VDD                                   
                                           |  sg13_lv_pmos/(drain|source) = 1          
                                           |  sg13_lv_pmos/bulk = 1                    
---------------------------------------------------------------------------------------
DEVICE mismatches: Class fragments follow (with node fanout counts):
Circuit 1: inv_PI_d2                       |Circuit 2: inv_PI_d2                       

---------------------------------------------------------------------------------------
(no matching instance)                     |Instance: inv_PI:1[1]/sg13_lv_pmos:2       
                                           |  (drain,source) = (2,2)                   
                                           |  gate = 2                                 
                                           |  bulk = 2                                 
                                           |                                           
---------------------------------------------------------------------------------------
Netlists do not match.
Port matching may fail to disambiguate symmetries.
  Flattening non-matched subcircuits inv_PI_d2 inv_PI_d2

Class inv_PI_d4 (0):  Merged 1 parallel devices.
Class inv_PI_d4 (1):  Merged 2 parallel devices.
Subcircuit summary:
Circuit 1: inv_PI_d4                       |Circuit 2: inv_PI_d4                       
-------------------------------------------|-------------------------------------------
sg13_lv_nmos (2->1)                        |sg13_lv_nmos (4->1)                        
sg13_lv_pmos (1)                           |sg13_lv_pmos (4->1)                        
Number of devices: 2                       |Number of devices: 2                       
Number of nets: 4                          |Number of nets: 4                          
---------------------------------------------------------------------------------------
Netlists match uniquely.

Subcircuit pins:
Circuit 1: inv_PI_d4                       |Circuit 2: inv_PI_d4                       
-------------------------------------------|-------------------------------------------
VDD                                        |VDD                                        
VOUT                                       |VOUT                                       
VIN                                        |VIN                                        
VSS                                        |VSS                                        
---------------------------------------------------------------------------------------
Cell pin lists are equivalent.
Device classes inv_PI_d4 and inv_PI_d4 are equivalent.

Subcircuit summary:
Circuit 1: inv_PI_d8                       |Circuit 2: inv_PI_d8                       
-------------------------------------------|-------------------------------------------
inv_PI_d4 (2)                              |inv_PI_d4 (2)                              
Number of devices: 2                       |Number of devices: 2                       
Number of nets: 4                          |Number of nets: 4                          
---------------------------------------------------------------------------------------
Resolving symmetries by property value.
Resolving symmetries by pin name.
Resolving symmetries by net name.
Netlists match with 1 symmetry.

Subcircuit pins:
Circuit 1: inv_PI_d8                       |Circuit 2: inv_PI_d8                       
-------------------------------------------|-------------------------------------------
VDD                                        |VDD                                        
VOUT                                       |VOUT                                       
VIN                                        |VIN                                        
VSS                                        |VSS                                        
---------------------------------------------------------------------------------------
Cell pin lists are equivalent.
Device classes inv_PI_d8 and inv_PI_d8 are equivalent.

Final result: Circuits match uniquely.
.
