
Subcircuit summary:
Circuit 1: inv_xor                         |Circuit 2: inv_xor                         
-------------------------------------------|-------------------------------------------
sg13_lv_nmos (1)                           |sg13_lv_nmos (1)                           
sg13_lv_pmos (1)                           |sg13_lv_pmos (1)                           
Number of devices: 2                       |Number of devices: 2                       
Number of nets: 6                          |Number of nets: 6                          
---------------------------------------------------------------------------------------
Netlists match uniquely.

Subcircuit pins:
Circuit 1: inv_xor                         |Circuit 2: inv_xor                         
-------------------------------------------|-------------------------------------------
VOUT                                       |VOUT                                       
VIN                                        |VIN                                        
VDD                                        |VDD                                        
VBP                                        |VBP                                        
VSS                                        |VSS                                        
VBN                                        |VBN                                        
---------------------------------------------------------------------------------------
Cell pin lists are equivalent.
Device classes inv_xor and inv_xor are equivalent.

Final result: Circuits match uniquely.
.
