
Subcircuit summary:
Circuit 1: inv_PI                          |Circuit 2: inv_PI                          
-------------------------------------------|-------------------------------------------
sg13_lv_nmos (1)                           |sg13_lv_nmos (1)                           
sg13_lv_pmos (1)                           |sg13_lv_pmos (1)                           
Number of devices: 2                       |Number of devices: 2                       
Number of nets: 4                          |Number of nets: 4                          
---------------------------------------------------------------------------------------
Netlists match uniquely.

Subcircuit pins:
Circuit 1: inv_PI                          |Circuit 2: inv_PI                          
-------------------------------------------|-------------------------------------------
VOUT                                       |VOUT                                       
VIN                                        |VIN                                        
VDD                                        |VDD                                        
VSS                                        |VSS                                        
---------------------------------------------------------------------------------------
Cell pin lists are equivalent.
Device classes inv_PI and inv_PI are equivalent.

Subcircuit summary:
Circuit 1: inv_PI_d2                       |Circuit 2: inv_PI_d2                       
-------------------------------------------|-------------------------------------------
inv_PI (2)                                 |inv_PI (2)                                 
Number of devices: 2                       |Number of devices: 2                       
Number of nets: 4                          |Number of nets: 4                          
---------------------------------------------------------------------------------------
Resolving symmetries by property value.
Resolving symmetries by pin name.
Resolving symmetries by net name.
Netlists match with 1 symmetry.

Subcircuit pins:
Circuit 1: inv_PI_d2                       |Circuit 2: inv_PI_d2                       
-------------------------------------------|-------------------------------------------
VDD                                        |VDD                                        
VOUT                                       |VOUT                                       
VIN                                        |VIN                                        
VSS                                        |VSS                                        
---------------------------------------------------------------------------------------
Cell pin lists are equivalent.
Device classes inv_PI_d2 and inv_PI_d2 are equivalent.

Subcircuit summary:
Circuit 1: inv_PI_d4                       |Circuit 2: inv_PI_d4                       
-------------------------------------------|-------------------------------------------
inv_PI_d2 (2)                              |inv_PI_d2 (2)                              
Number of devices: 2                       |Number of devices: 2                       
Number of nets: 4                          |Number of nets: 4                          
---------------------------------------------------------------------------------------
Resolving symmetries by property value.
Resolving symmetries by pin name.
Resolving symmetries by net name.
Netlists match with 1 symmetry.

Subcircuit pins:
Circuit 1: inv_PI_d4                       |Circuit 2: inv_PI_d4                       
-------------------------------------------|-------------------------------------------
VDD                                        |VDD                                        
VOUT                                       |VOUT                                       
VIN                                        |VIN                                        
VSS                                        |VSS                                        
---------------------------------------------------------------------------------------
Cell pin lists are equivalent.
Device classes inv_PI_d4 and inv_PI_d4 are equivalent.

Subcircuit summary:
Circuit 1: inv_PI_d8                       |Circuit 2: inv_PI_d8                       
-------------------------------------------|-------------------------------------------
inv_PI_d4 (2)                              |inv_PI_d4 (2)                              
Number of devices: 2                       |Number of devices: 2                       
Number of nets: 4                          |Number of nets: 4                          
---------------------------------------------------------------------------------------
Resolving symmetries by property value.
Resolving symmetries by pin name.
Resolving symmetries by net name.
Netlists match with 1 symmetry.

Subcircuit pins:
Circuit 1: inv_PI_d8                       |Circuit 2: inv_PI_d8                       
-------------------------------------------|-------------------------------------------
VDD                                        |VDD                                        
VOUT                                       |VOUT                                       
VIN                                        |VIN                                        
VSS                                        |VSS                                        
---------------------------------------------------------------------------------------
Cell pin lists are equivalent.
Device classes inv_PI_d8 and inv_PI_d8 are equivalent.

Subcircuit summary:
Circuit 1: inv_PI_d16                      |Circuit 2: inv_PI_d16                      
-------------------------------------------|-------------------------------------------
inv_PI_d8 (2)                              |inv_PI_d8 (2)                              
Number of devices: 2                       |Number of devices: 2                       
Number of nets: 4                          |Number of nets: 4                          
---------------------------------------------------------------------------------------
Resolving symmetries by property value.
Resolving symmetries by pin name.
Resolving symmetries by net name.
Netlists match with 1 symmetry.

Subcircuit pins:
Circuit 1: inv_PI_d16                      |Circuit 2: inv_PI_d16                      
-------------------------------------------|-------------------------------------------
VDD                                        |VDD                                        
VOUT                                       |VOUT                                       
VIN                                        |VIN                                        
VSS                                        |VSS                                        
---------------------------------------------------------------------------------------
Cell pin lists are equivalent.
Device classes inv_PI_d16 and inv_PI_d16 are equivalent.

Subcircuit summary:
Circuit 1: inv_PI_d32                      |Circuit 2: inv_PI_d32                      
-------------------------------------------|-------------------------------------------
inv_PI_d16 (2)                             |inv_PI_d16 (2)                             
Number of devices: 2                       |Number of devices: 2                       
Number of nets: 4                          |Number of nets: 4                          
---------------------------------------------------------------------------------------
Resolving symmetries by property value.
Resolving symmetries by pin name.
Resolving symmetries by net name.
Netlists match with 1 symmetry.

Subcircuit pins:
Circuit 1: inv_PI_d32                      |Circuit 2: inv_PI_d32                      
-------------------------------------------|-------------------------------------------
VDD                                        |VDD                                        
VOUT                                       |VOUT                                       
VIN                                        |VIN                                        
VSS                                        |VSS                                        
---------------------------------------------------------------------------------------
Cell pin lists are equivalent.
Device classes inv_PI_d32 and inv_PI_d32 are equivalent.

Final result: Circuits match uniquely.
.
