
Subcircuit summary:
Circuit 1: inv_PI                          |Circuit 2: inv_PI                          
-------------------------------------------|-------------------------------------------
sg13_lv_nmos (1)                           |sg13_lv_nmos (1)                           
sg13_lv_pmos (1)                           |sg13_lv_pmos (1)                           
Number of devices: 2                       |Number of devices: 2                       
Number of nets: 4                          |Number of nets: 4                          
---------------------------------------------------------------------------------------
Netlists match uniquely.

Subcircuit pins:
Circuit 1: inv_PI                          |Circuit 2: inv_PI                          
-------------------------------------------|-------------------------------------------
VOUT                                       |VOUT                                       
VIN                                        |VIN                                        
VDD                                        |VDD                                        
VSS                                        |VSS                                        
---------------------------------------------------------------------------------------
Cell pin lists are equivalent.
Device classes inv_PI and inv_PI are equivalent.

Subcircuit summary:
Circuit 1: tg_custom                       |Circuit 2: tg_custom                       
-------------------------------------------|-------------------------------------------
sg13_lv_nmos (1)                           |sg13_lv_nmos (1)                           
sg13_lv_pmos (1)                           |sg13_lv_pmos (1)                           
Number of devices: 2                       |Number of devices: 2                       
Number of nets: 6                          |Number of nets: 6                          
---------------------------------------------------------------------------------------
Resolving symmetries by property value.
Resolving symmetries by pin name.
Netlists match uniquely.

Subcircuit pins:
Circuit 1: tg_custom                       |Circuit 2: tg_custom                       
-------------------------------------------|-------------------------------------------
VSN                                        |VSN                                        
VBN                                        |VBN                                        
VSP                                        |VSP                                        
VBP                                        |VBP                                        
VOUT                                       |VOUT                                       
VIN                                        |VIN                                        
---------------------------------------------------------------------------------------
Cell pin lists are equivalent.
Device classes tg_custom and tg_custom are equivalent.

Subcircuit summary:
Circuit 1: inv                             |Circuit 2: inv                             
-------------------------------------------|-------------------------------------------
sg13_lv_nmos (1)                           |sg13_lv_nmos (1)                           
sg13_lv_pmos (1)                           |sg13_lv_pmos (1)                           
Number of devices: 2                       |Number of devices: 2                       
Number of nets: 4                          |Number of nets: 4                          
---------------------------------------------------------------------------------------
Netlists match uniquely.

Subcircuit pins:
Circuit 1: inv                             |Circuit 2: inv                             
-------------------------------------------|-------------------------------------------
VOUT                                       |VOUT                                       
VIN                                        |VIN                                        
VDD                                        |VDD                                        
VSS                                        |VSS                                        
---------------------------------------------------------------------------------------
Cell pin lists are equivalent.
Device classes inv and inv are equivalent.

Subcircuit summary:
Circuit 1: MUX_2_1                         |Circuit 2: MUX_2_1                         
-------------------------------------------|-------------------------------------------
inv_PI (2)                                 |inv_PI (2)                                 
tg_custom (10)                             |tg_custom (10)                             
inv (1)                                    |inv (1)                                    
Number of devices: 13                      |Number of devices: 13                      
Number of nets: 9                          |Number of nets: 9                          
---------------------------------------------------------------------------------------
Resolving symmetries by property value.
Resolving symmetries by pin name.
Resolving symmetries by net name.
Netlists match with 2 symmetries.

Subcircuit pins:
Circuit 1: MUX_2_1                         |Circuit 2: MUX_2_1                         
-------------------------------------------|-------------------------------------------
VS                                         |VS                                         
VOUT                                       |VOUT                                       
VINA                                       |VINA                                       
VINB                                       |VINB                                       
VDD                                        |VDD                                        
VSS                                        |VSS                                        
---------------------------------------------------------------------------------------
Cell pin lists are equivalent.
Device classes MUX_2_1 and MUX_2_1 are equivalent.

Final result: Circuits match uniquely.
.
