
Subcircuit summary:
Circuit 1: nand_x3_custom                  |Circuit 2: nand_x3_custom                  
-------------------------------------------|-------------------------------------------
sg13_lv_nmos (3)                           |sg13_lv_nmos (3)                           
sg13_lv_pmos (3)                           |sg13_lv_pmos (3)                           
Number of devices: 6                       |Number of devices: 6                       
Number of nets: 8                          |Number of nets: 8                          
---------------------------------------------------------------------------------------
Netlists match uniquely.

Subcircuit pins:
Circuit 1: nand_x3_custom                  |Circuit 2: nand_x3_custom                  
-------------------------------------------|-------------------------------------------
VDD                                        |VDD                                        
B                                          |B                                          
C                                          |C                                          
A                                          |A                                          
OUT                                        |OUT                                        
VSS                                        |VSS                                        
---------------------------------------------------------------------------------------
Cell pin lists are equivalent.
Device classes nand_x3_custom and nand_x3_custom are equivalent.

Final result: Circuits match uniquely.
.
