
Subcircuit summary:
Circuit 1: nor_x3_custom                   |Circuit 2: nor_x3_custom                   
-------------------------------------------|-------------------------------------------
sg13_lv_nmos (3)                           |sg13_lv_nmos (3)                           
sg13_lv_pmos (3)                           |sg13_lv_pmos (3)                           
Number of devices: 6                       |Number of devices: 6                       
Number of nets: 8                          |Number of nets: 8                          
---------------------------------------------------------------------------------------
Netlists match uniquely.

Subcircuit pins:
Circuit 1: nor_x3_custom                   |Circuit 2: nor_x3_custom                   
-------------------------------------------|-------------------------------------------
OUT                                        |OUT                                        
VDD                                        |VDD                                        
C                                          |C                                          
A                                          |A                                          
B                                          |B                                          
VSS                                        |VSS                                        
---------------------------------------------------------------------------------------
Cell pin lists are equivalent.
Device classes nor_x3_custom and nor_x3_custom are equivalent.

Final result: Circuits match uniquely.
.
