
Subcircuit summary:
Circuit 1: nor_custom                      |Circuit 2: nor_custom                      
-------------------------------------------|-------------------------------------------
sg13_lv_nmos (2)                           |sg13_lv_nmos (2)                           
sg13_lv_pmos (2)                           |sg13_lv_pmos (2)                           
Number of devices: 4                       |Number of devices: 4                       
Number of nets: 6                          |Number of nets: 6                          
---------------------------------------------------------------------------------------
Netlists match uniquely.

Subcircuit pins:
Circuit 1: nor_custom                      |Circuit 2: nor_custom                      
-------------------------------------------|-------------------------------------------
OUT                                        |OUT                                        
VDD                                        |VDD                                        
B                                          |B                                          
A                                          |A                                          
VSS                                        |VSS                                        
---------------------------------------------------------------------------------------
Cell pin lists are equivalent.
Device classes nor_custom and nor_custom are equivalent.

Final result: Circuits match uniquely.
.
