
Subcircuit summary:
Circuit 1: inv                             |Circuit 2: inv                             
-------------------------------------------|-------------------------------------------
sg13_lv_nmos (1)                           |sg13_lv_nmos (1)                           
sg13_lv_pmos (1)                           |sg13_lv_pmos (1)                           
Number of devices: 2                       |Number of devices: 2                       
Number of nets: 4                          |Number of nets: 4                          
---------------------------------------------------------------------------------------
Netlists match uniquely.

Subcircuit pins:
Circuit 1: inv                             |Circuit 2: inv                             
-------------------------------------------|-------------------------------------------
VOUT                                       |VOUT                                       
VIN                                        |VIN                                        
VDD                                        |VDD                                        
VSS                                        |VSS                                        
---------------------------------------------------------------------------------------
Cell pin lists are equivalent.
Device classes inv and inv are equivalent.

Subcircuit summary:
Circuit 1: reg                             |Circuit 2: reg                             
-------------------------------------------|-------------------------------------------
inv (1)                                    |inv (1)                                    
sg13_lv_nmos (4)                           |sg13_lv_nmos (4)                           
sg13_lv_pmos (4)                           |sg13_lv_pmos (4)                           
Number of devices: 9                       |Number of devices: 9                       
Number of nets: 11                         |Number of nets: 11                         
---------------------------------------------------------------------------------------
Netlists match uniquely.

Subcircuit pins:
Circuit 1: reg                             |Circuit 2: reg                             
-------------------------------------------|-------------------------------------------
D                                          |D                                          
Q                                          |Q                                          
CLK                                        |CLK                                        
VDD                                        |VDD                                        
VSS                                        |VSS                                        
---------------------------------------------------------------------------------------
Cell pin lists are equivalent.
Device classes reg and reg are equivalent.

Final result: Circuits match uniquely.
.
