
Subcircuit summary:
Circuit 1: tg_custom                       |Circuit 2: tg_custom                       
-------------------------------------------|-------------------------------------------
sg13_lv_nmos (1)                           |sg13_lv_nmos (1)                           
sg13_lv_pmos (1)                           |sg13_lv_pmos (1)                           
Number of devices: 2                       |Number of devices: 2                       
Number of nets: 6                          |Number of nets: 6                          
---------------------------------------------------------------------------------------
Resolving symmetries by property value.
Resolving symmetries by pin name.
Netlists match uniquely.

Subcircuit pins:
Circuit 1: tg_custom                       |Circuit 2: tg_custom                       
-------------------------------------------|-------------------------------------------
VSN                                        |VSN                                        
VBN                                        |VBN                                        
VSP                                        |VSP                                        
VBP                                        |VBP                                        
VOUT                                       |VOUT                                       
VIN                                        |VIN                                        
---------------------------------------------------------------------------------------
Cell pin lists are equivalent.
Device classes tg_custom and tg_custom are equivalent.

Subcircuit summary:
Circuit 1: inv_xor                         |Circuit 2: inv_xor                         
-------------------------------------------|-------------------------------------------
sg13_lv_nmos (1)                           |sg13_lv_nmos (1)                           
sg13_lv_pmos (1)                           |sg13_lv_pmos (1)                           
Number of devices: 2                       |Number of devices: 2                       
Number of nets: 6                          |Number of nets: 6                          
---------------------------------------------------------------------------------------
Netlists match uniquely.

Subcircuit pins:
Circuit 1: inv_xor                         |Circuit 2: inv_xor                         
-------------------------------------------|-------------------------------------------
VOUT                                       |VOUT                                       
VIN                                        |VIN                                        
VDD                                        |VDD                                        
VBP                                        |VBP                                        
VSS                                        |VSS                                        
VBN                                        |VBN                                        
---------------------------------------------------------------------------------------
Cell pin lists are equivalent.
Device classes inv_xor and inv_xor are equivalent.

Subcircuit summary:
Circuit 1: inv                             |Circuit 2: inv                             
-------------------------------------------|-------------------------------------------
sg13_lv_nmos (1)                           |sg13_lv_nmos (1)                           
sg13_lv_pmos (1)                           |sg13_lv_pmos (1)                           
Number of devices: 2                       |Number of devices: 2                       
Number of nets: 4                          |Number of nets: 4                          
---------------------------------------------------------------------------------------
Netlists match uniquely.

Subcircuit pins:
Circuit 1: inv                             |Circuit 2: inv                             
-------------------------------------------|-------------------------------------------
VOUT                                       |VOUT                                       
VIN                                        |VIN                                        
VDD                                        |VDD                                        
VSS                                        |VSS                                        
---------------------------------------------------------------------------------------
Cell pin lists are equivalent.
Device classes inv and inv are equivalent.

Subcircuit summary:
Circuit 1: xor_custom                      |Circuit 2: xor_custom                      
-------------------------------------------|-------------------------------------------
tg_custom (1)                              |tg_custom (1)                              
inv_xor (1)                                |inv_xor (1)                                
inv (1)                                    |inv (1)                                    
Number of devices: 3                       |Number of devices: 3                       
Number of nets: 6                          |Number of nets: 6                          
---------------------------------------------------------------------------------------
Netlists match uniquely.

Subcircuit pins:
Circuit 1: xor_custom                      |Circuit 2: xor_custom                      
-------------------------------------------|-------------------------------------------
A                                          |A                                          
VOUT                                       |VOUT                                       
VDD                                        |VDD                                        
B                                          |B                                          
VSS                                        |VSS                                        
---------------------------------------------------------------------------------------
Cell pin lists are equivalent.
Device classes xor_custom and xor_custom are equivalent.

Final result: Circuits match uniquely.
.
