
Subcircuit summary:
Circuit 1: inv_PI                          |Circuit 2: inv_PI                          
-------------------------------------------|-------------------------------------------
sg13_lv_nmos (1)                           |sg13_lv_nmos (1)                           
sg13_lv_pmos (1)                           |sg13_lv_pmos (1)                           
Number of devices: 2                       |Number of devices: 2                       
Number of nets: 4                          |Number of nets: 4                          
---------------------------------------------------------------------------------------
Netlists match uniquely.

Subcircuit pins:
Circuit 1: inv_PI                          |Circuit 2: inv_PI                          
-------------------------------------------|-------------------------------------------
VOUT                                       |VOUT                                       
VIN                                        |VIN                                        
VDD                                        |VDD                                        
VSS                                        |VSS                                        
---------------------------------------------------------------------------------------
Cell pin lists are equivalent.
Device classes inv_PI and inv_PI are equivalent.

Subcircuit summary:
Circuit 1: inv_PI_d2                       |Circuit 2: inv_PI_d2                       
-------------------------------------------|-------------------------------------------
inv_PI (2)                                 |inv_PI (2)                                 
Number of devices: 2                       |Number of devices: 2                       
Number of nets: 4                          |Number of nets: 4                          
---------------------------------------------------------------------------------------
Resolving symmetries by property value.
Resolving symmetries by pin name.
Resolving symmetries by net name.
Netlists match with 1 symmetry.

Subcircuit pins:
Circuit 1: inv_PI_d2                       |Circuit 2: inv_PI_d2                       
-------------------------------------------|-------------------------------------------
VDD                                        |VDD                                        
VOUT                                       |VOUT                                       
VIN                                        |VIN                                        
VSS                                        |VSS                                        
---------------------------------------------------------------------------------------
Cell pin lists are equivalent.
Device classes inv_PI_d2 and inv_PI_d2 are equivalent.

Subcircuit summary:
Circuit 1: inv_PI_d4                       |Circuit 2: inv_PI_d4                       
-------------------------------------------|-------------------------------------------
inv_PI_d2 (2)                              |inv_PI_d2 (2)                              
Number of devices: 2                       |Number of devices: 2                       
Number of nets: 4                          |Number of nets: 4                          
---------------------------------------------------------------------------------------
Resolving symmetries by property value.
Resolving symmetries by pin name.
Resolving symmetries by net name.
Netlists match with 1 symmetry.

Subcircuit pins:
Circuit 1: inv_PI_d4                       |Circuit 2: inv_PI_d4                       
-------------------------------------------|-------------------------------------------
VDD                                        |VDD                                        
VOUT                                       |VOUT                                       
VIN                                        |VIN                                        
VSS                                        |VSS                                        
---------------------------------------------------------------------------------------
Cell pin lists are equivalent.
Device classes inv_PI_d4 and inv_PI_d4 are equivalent.

Subcircuit summary:
Circuit 1: tg_custom                       |Circuit 2: tg_custom                       
-------------------------------------------|-------------------------------------------
sg13_lv_nmos (1)                           |sg13_lv_nmos (1)                           
sg13_lv_pmos (1)                           |sg13_lv_pmos (1)                           
Number of devices: 2                       |Number of devices: 2                       
Number of nets: 6                          |Number of nets: 6                          
---------------------------------------------------------------------------------------
Resolving symmetries by property value.
Resolving symmetries by pin name.
Netlists match uniquely.

Subcircuit pins:
Circuit 1: tg_custom                       |Circuit 2: tg_custom                       
-------------------------------------------|-------------------------------------------
VSN                                        |VSN                                        
VBN                                        |VBN                                        
VSP                                        |VSP                                        
VBP                                        |VBP                                        
VOUT                                       |VOUT                                       
VIN                                        |VIN                                        
---------------------------------------------------------------------------------------
Cell pin lists are equivalent.
Device classes tg_custom and tg_custom are equivalent.

Subcircuit summary:
Circuit 1: tiel_custom                     |Circuit 2: tiel_custom                     
-------------------------------------------|-------------------------------------------
sg13_lv_nmos (1)                           |sg13_lv_nmos (1)                           
sg13_lv_pmos (1)                           |sg13_lv_pmos (1)                           
Number of devices: 2                       |Number of devices: 2                       
Number of nets: 4                          |Number of nets: 4                          
---------------------------------------------------------------------------------------
Netlists match uniquely.

Subcircuit pins:
Circuit 1: tiel_custom                     |Circuit 2: tiel_custom                     
-------------------------------------------|-------------------------------------------
VOUT                                       |VOUT                                       
VDD                                        |VDD                                        
VSS                                        |VSS                                        
---------------------------------------------------------------------------------------
Cell pin lists are equivalent.
Device classes tiel_custom and tiel_custom are equivalent.

Subcircuit summary:
Circuit 1: tieh_custom                     |Circuit 2: tieh_custom                     
-------------------------------------------|-------------------------------------------
sg13_lv_nmos (1)                           |sg13_lv_nmos (1)                           
sg13_lv_pmos (1)                           |sg13_lv_pmos (1)                           
Number of devices: 2                       |Number of devices: 2                       
Number of nets: 4                          |Number of nets: 4                          
---------------------------------------------------------------------------------------
Netlists match uniquely.

Subcircuit pins:
Circuit 1: tieh_custom                     |Circuit 2: tieh_custom                     
-------------------------------------------|-------------------------------------------
VOUT                                       |VOUT                                       
VDD                                        |VDD                                        
VSS                                        |VSS                                        
---------------------------------------------------------------------------------------
Cell pin lists are equivalent.
Device classes tieh_custom and tieh_custom are equivalent.

Subcircuit summary:
Circuit 1: inv                             |Circuit 2: inv                             
-------------------------------------------|-------------------------------------------
sg13_lv_nmos (1)                           |sg13_lv_nmos (1)                           
sg13_lv_pmos (1)                           |sg13_lv_pmos (1)                           
Number of devices: 2                       |Number of devices: 2                       
Number of nets: 4                          |Number of nets: 4                          
---------------------------------------------------------------------------------------
Netlists match uniquely.

Subcircuit pins:
Circuit 1: inv                             |Circuit 2: inv                             
-------------------------------------------|-------------------------------------------
VOUT                                       |VOUT                                       
VIN                                        |VIN                                        
VDD                                        |VDD                                        
VSS                                        |VSS                                        
---------------------------------------------------------------------------------------
Cell pin lists are equivalent.
Device classes inv and inv are equivalent.

Subcircuit summary:
Circuit 1: inv_PI_d8                       |Circuit 2: inv_PI_d8                       
-------------------------------------------|-------------------------------------------
inv_PI_d4 (2)                              |inv_PI_d4 (2)                              
Number of devices: 2                       |Number of devices: 2                       
Number of nets: 4                          |Number of nets: 4                          
---------------------------------------------------------------------------------------
Resolving symmetries by property value.
Resolving symmetries by pin name.
Resolving symmetries by net name.
Netlists match with 1 symmetry.

Subcircuit pins:
Circuit 1: inv_PI_d8                       |Circuit 2: inv_PI_d8                       
-------------------------------------------|-------------------------------------------
VDD                                        |VDD                                        
VOUT                                       |VOUT                                       
VIN                                        |VIN                                        
VSS                                        |VSS                                        
---------------------------------------------------------------------------------------
Cell pin lists are equivalent.
Device classes inv_PI_d8 and inv_PI_d8 are equivalent.

Subcircuit summary:
Circuit 1: MUX_2_1                         |Circuit 2: MUX_2_1                         
-------------------------------------------|-------------------------------------------
tg_custom (16)                             |tg_custom (16)                             
tiel_custom (1)                            |tiel_custom (1)                            
inv_PI (2)                                 |inv_PI (2)                                 
tieh_custom (1)                            |tieh_custom (1)                            
inv (1)                                    |inv (1)                                    
Number of devices: 21                      |Number of devices: 21                      
Number of nets: 13                         |Number of nets: 13                         
---------------------------------------------------------------------------------------
Resolving symmetries by property value.
Resolving symmetries by pin name.
Resolving symmetries by net name.
Netlists match with 2 symmetries.

Subcircuit pins:
Circuit 1: MUX_2_1                         |Circuit 2: MUX_2_1                         
-------------------------------------------|-------------------------------------------
VS                                         |VS                                         
VINA                                       |VINA                                       
VINB                                       |VINB                                       
VOUT                                       |VOUT                                       
VDD                                        |VDD                                        
VSS                                        |VSS                                        
---------------------------------------------------------------------------------------
Cell pin lists are equivalent.
Device classes MUX_2_1 and MUX_2_1 are equivalent.

Subcircuit summary:
Circuit 1: inv_PI_d16                      |Circuit 2: inv_PI_d16                      
-------------------------------------------|-------------------------------------------
inv_PI_d8 (2)                              |inv_PI_d8 (2)                              
Number of devices: 2                       |Number of devices: 2                       
Number of nets: 4                          |Number of nets: 4                          
---------------------------------------------------------------------------------------
Resolving symmetries by property value.
Resolving symmetries by pin name.
Resolving symmetries by net name.
Netlists match with 1 symmetry.

Subcircuit pins:
Circuit 1: inv_PI_d16                      |Circuit 2: inv_PI_d16                      
-------------------------------------------|-------------------------------------------
VDD                                        |VDD                                        
VOUT                                       |VOUT                                       
VIN                                        |VIN                                        
VSS                                        |VSS                                        
---------------------------------------------------------------------------------------
Cell pin lists are equivalent.
Device classes inv_PI_d16 and inv_PI_d16 are equivalent.

Subcircuit summary:
Circuit 1: MUX_4_1                         |Circuit 2: MUX_4_1                         
-------------------------------------------|-------------------------------------------
MUX_2_1 (3)                                |MUX_2_1 (3)                                
Number of devices: 3                       |Number of devices: 3                       
Number of nets: 12                         |Number of nets: 12                         
---------------------------------------------------------------------------------------
Netlists match uniquely.

Subcircuit pins:
Circuit 1: MUX_4_1                         |Circuit 2: MUX_4_1                         
-------------------------------------------|-------------------------------------------
VINC                                       |VINC                                       
VINA                                       |VINA                                       
VS[1]                                      |VS[1]                                      
VS[0]                                      |VS[0]                                      
VIND                                       |VIND                                       
VINB                                       |VINB                                       
VOUT                                       |VOUT                                       
VST                                        |VST                                        
VDD                                        |VDD                                        
VSS                                        |VSS                                        
---------------------------------------------------------------------------------------
Cell pin lists are equivalent.
Device classes MUX_4_1 and MUX_4_1 are equivalent.

Subcircuit summary:
Circuit 1: buff_PI_d16                     |Circuit 2: buff_PI_d16                     
-------------------------------------------|-------------------------------------------
inv_PI_d8 (1)                              |inv_PI_d8 (1)                              
inv_PI_d16 (1)                             |inv_PI_d16 (1)                             
inv_PI_d4 (1)                              |inv_PI_d4 (1)                              
inv_PI_d2 (1)                              |inv_PI_d2 (1)                              
Number of devices: 4                       |Number of devices: 4                       
Number of nets: 7                          |Number of nets: 7                          
---------------------------------------------------------------------------------------
Netlists match uniquely.

Subcircuit pins:
Circuit 1: buff_PI_d16                     |Circuit 2: buff_PI_d16                     
-------------------------------------------|-------------------------------------------
VIN                                        |VIN                                        
VOUT                                       |VOUT                                       
VDD                                        |VDD                                        
VSS                                        |VSS                                        
---------------------------------------------------------------------------------------
Cell pin lists are equivalent.
Device classes buff_PI_d16 and buff_PI_d16 are equivalent.

Subcircuit summary:
Circuit 1: 8xPI                            |Circuit 2: 8xPI                            
-------------------------------------------|-------------------------------------------
MUX_4_1 (8)                                |MUX_4_1 (8)                                
inv_PI (1)                                 |inv_PI (1)                                 
buff_PI_d16 (1)                            |buff_PI_d16 (1)                            
Number of devices: 10                      |Number of devices: 10                      
Number of nets: 19                         |Number of nets: 19                         
---------------------------------------------------------------------------------------
Resolving symmetries by property value.
Resolving symmetries by pin name.
Netlists match uniquely.

Subcircuit pins:
Circuit 1: 8xPI                            |Circuit 2: 8xPI                            
-------------------------------------------|-------------------------------------------
VINI                                       |VINI                                       
VINIB                                      |VINIB                                      
VS[1]                                      |VS[1]                                      
VS[0]                                      |VS[0]                                      
VINQ                                       |VINQ                                       
VINQB                                      |VINQB                                      
VDD                                        |VDD                                        
VSS                                        |VSS                                        
VST[5]                                     |VST[5]                                     
VST[3]                                     |VST[3]                                     
VST[2]                                     |VST[2]                                     
VST[1]                                     |VST[1]                                     
VST[0]                                     |VST[0]                                     
VST[6]                                     |VST[6]                                     
VST[4]                                     |VST[4]                                     
VST[7]                                     |VST[7]                                     
VOUT                                       |VOUT                                       
---------------------------------------------------------------------------------------
Cell pin lists are equivalent.
Device classes 8xPI and 8xPI are equivalent.

Final result: Circuits match uniquely.
.
