# Logfile created on 2026-01-04 17:55:58 +0100 by logger.rb/v1.5.3
2026-01-04 17:55:58 +0100: Memory Usage (435008K) : Starting running IHP-SG13G2 KLayout DRC runset on /foss/designs/PhaseInterpolator/inv.gds
2026-01-04 17:55:58 +0100: Memory Usage (435008K) : Ruby Version for klayout: 3.2.3
2026-01-04 17:55:58 +0100: Memory Usage (435052K) : Loading database to memory is complete.
2026-01-04 17:55:58 +0100: Memory Usage (435052K) : IHP-SG13G2 KLayout DRC runset output at: /foss/designs/PhaseInterpolator/drc_run_inv/inv_inv_main.lyrdb
2026-01-04 17:55:58 +0100: Memory Usage (435052K) : Evaluate switches.
2026-01-04 17:55:58 +0100: Memory Usage (435052K) : tables selected: main
2026-01-04 17:55:58 +0100: Memory Usage (435052K) : KLayout will use 1 thread(s) in tiled mode.
2026-01-04 17:55:58 +0100: Memory Usage (435052K) : deep mode is enabled.
2026-01-04 17:55:58 +0100: Memory Usage (435052K) : FEOL enabled: true
2026-01-04 17:55:58 +0100: Memory Usage (435052K) : BEOL enabled: true
2026-01-04 17:55:58 +0100: Memory Usage (435052K) : OFFGRID enabled: true
2026-01-04 17:55:58 +0100: Memory Usage (435052K) : PIN enabled: true
2026-01-04 17:55:58 +0100: Memory Usage (435052K) : FORBIDDEN enabled: true
2026-01-04 17:55:58 +0100: Memory Usage (435052K) : RECOMMENDED enabled: true
2026-01-04 17:55:58 +0100: Memory Usage (435052K) : PreCheck DRC enabled: false
2026-01-04 17:55:58 +0100: Memory Usage (435052K) : CONNECTIVITY_RULES enabled: true.
2026-01-04 17:55:58 +0100: Memory Usage (435052K) : Read in polygons from layers.
2026-01-04 17:55:58 +0100: Memory Usage (435052K) : activ_drw has 7 polygons
2026-01-04 17:55:58 +0100: Memory Usage (437248K) : activ_pin has 0 polygons
2026-01-04 17:55:58 +0100: Memory Usage (437248K) : activ_mask has 0 polygons
2026-01-04 17:55:58 +0100: Memory Usage (437248K) : activ_filler has 0 polygons
2026-01-04 17:55:58 +0100: Memory Usage (437248K) : activ_nofill has 0 polygons
2026-01-04 17:55:58 +0100: Memory Usage (437248K) : activ_opc has 0 polygons
2026-01-04 17:55:58 +0100: Memory Usage (437248K) : activ_iopc has 0 polygons
2026-01-04 17:55:58 +0100: Memory Usage (437248K) : activ_noqrc has 0 polygons
2026-01-04 17:55:58 +0100: Memory Usage (437248K) : biwind_drw has 0 polygons
2026-01-04 17:55:58 +0100: Memory Usage (437248K) : biwind_opc has 0 polygons
2026-01-04 17:55:58 +0100: Memory Usage (437248K) : pemwind_drw has 0 polygons
2026-01-04 17:55:58 +0100: Memory Usage (437248K) : gatpoly_drw has 5 polygons
2026-01-04 17:55:58 +0100: Memory Usage (437248K) : gatpoly_pin has 1 polygons
2026-01-04 17:55:58 +0100: Memory Usage (437248K) : gatpoly_filler has 0 polygons
2026-01-04 17:55:58 +0100: Memory Usage (437248K) : gatpoly_nofill has 0 polygons
2026-01-04 17:55:58 +0100: Memory Usage (437248K) : gatpoly_opc has 0 polygons
2026-01-04 17:55:58 +0100: Memory Usage (437248K) : gatpoly_iopc has 0 polygons
2026-01-04 17:55:58 +0100: Memory Usage (437248K) : gatpoly_noqrc has 0 polygons
2026-01-04 17:55:58 +0100: Memory Usage (437248K) : cont_drw has 10 polygons
2026-01-04 17:55:58 +0100: Memory Usage (437248K) : cont_opc has 0 polygons
2026-01-04 17:55:58 +0100: Memory Usage (437296K) : nsd_drw has 0 polygons
2026-01-04 17:55:58 +0100: Memory Usage (437296K) : nsd_block has 0 polygons
2026-01-04 17:55:58 +0100: Memory Usage (437296K) : metal1_drw has 12 polygons
2026-01-04 17:55:58 +0100: Memory Usage (437296K) : metal1_pin has 6 polygons
2026-01-04 17:55:58 +0100: Memory Usage (437296K) : metal1_mask has 0 polygons
2026-01-04 17:55:58 +0100: Memory Usage (437296K) : metal1_filler has 0 polygons
2026-01-04 17:55:58 +0100: Memory Usage (437296K) : metal1_nofill has 0 polygons
2026-01-04 17:55:58 +0100: Memory Usage (437296K) : metal1_slit has 0 polygons
2026-01-04 17:55:58 +0100: Memory Usage (437556K) : metal1_text has 2 polygons
2026-01-04 17:55:58 +0100: Memory Usage (437556K) : metal1_opc has 0 polygons
2026-01-04 17:55:58 +0100: Memory Usage (437556K) : metal1_noqrc has 0 polygons
2026-01-04 17:55:58 +0100: Memory Usage (437556K) : metal1_res has 0 polygons
2026-01-04 17:55:58 +0100: Memory Usage (437556K) : metal1_iprobe has 0 polygons
2026-01-04 17:55:58 +0100: Memory Usage (437556K) : metal1_diffprb has 0 polygons
2026-01-04 17:55:58 +0100: Memory Usage (437556K) : passiv_drw has 0 polygons
2026-01-04 17:55:58 +0100: Memory Usage (438052K) : passiv_pin has 0 polygons
2026-01-04 17:55:58 +0100: Memory Usage (438052K) : passiv_sbump has 0 polygons
2026-01-04 17:55:58 +0100: Memory Usage (438052K) : passiv_pillar has 0 polygons
2026-01-04 17:55:58 +0100: Memory Usage (438052K) : passiv_pdl has 0 polygons
2026-01-04 17:55:58 +0100: Memory Usage (438052K) : metal2_drw has 0 polygons
2026-01-04 17:55:58 +0100: Memory Usage (438316K) : metal2_pin has 0 polygons
2026-01-04 17:55:58 +0100: Memory Usage (438316K) : metal2_mask has 0 polygons
2026-01-04 17:55:58 +0100: Memory Usage (438316K) : metal2_filler has 0 polygons
2026-01-04 17:55:58 +0100: Memory Usage (438316K) : metal2_nofill has 0 polygons
2026-01-04 17:55:58 +0100: Memory Usage (438316K) : metal2_slit has 0 polygons
2026-01-04 17:55:58 +0100: Memory Usage (438580K) : metal2_text has 0 polygons
2026-01-04 17:55:58 +0100: Memory Usage (438676K) : metal2_opc has 0 polygons
2026-01-04 17:55:58 +0100: Memory Usage (438676K) : metal2_noqrc has 0 polygons
2026-01-04 17:55:58 +0100: Memory Usage (438676K) : metal2_res has 0 polygons
2026-01-04 17:55:58 +0100: Memory Usage (438676K) : metal2_iprobe has 0 polygons
2026-01-04 17:55:58 +0100: Memory Usage (438936K) : metal2_diffprb has 0 polygons
2026-01-04 17:55:58 +0100: Memory Usage (438936K) : baspoly_drw has 0 polygons
2026-01-04 17:55:58 +0100: Memory Usage (438936K) : baspoly_pin has 0 polygons
2026-01-04 17:55:58 +0100: Memory Usage (438936K) : psd_drw has 2 polygons
2026-01-04 17:55:58 +0100: Memory Usage (438936K) : nldb_drw has 0 polygons
2026-01-04 17:55:58 +0100: Memory Usage (439200K) : digibnd_drw has 0 polygons
2026-01-04 17:55:58 +0100: Memory Usage (439200K) : via1_drw has 0 polygons
2026-01-04 17:55:58 +0100: Memory Usage (439200K) : backmetal1_drw has 0 polygons
2026-01-04 17:55:58 +0100: Memory Usage (439200K) : backmetal1_pin has 0 polygons
2026-01-04 17:55:58 +0100: Memory Usage (439200K) : backmetal1_mask has 0 polygons
2026-01-04 17:55:58 +0100: Memory Usage (439464K) : backmetal1_filler has 0 polygons
2026-01-04 17:55:58 +0100: Memory Usage (439464K) : backmetal1_nofill has 0 polygons
2026-01-04 17:55:58 +0100: Memory Usage (439464K) : backmetal1_slit has 0 polygons
2026-01-04 17:55:58 +0100: Memory Usage (439464K) : backmetal1_text has 0 polygons
2026-01-04 17:55:58 +0100: Memory Usage (439464K) : backmetal1_opc has 0 polygons
2026-01-04 17:55:58 +0100: Memory Usage (439728K) : backmetal1_noqrc has 0 polygons
2026-01-04 17:55:58 +0100: Memory Usage (439728K) : backmetal1_res has 0 polygons
2026-01-04 17:55:58 +0100: Memory Usage (439728K) : backmetal1_iprobe has 0 polygons
2026-01-04 17:55:58 +0100: Memory Usage (439728K) : backmetal1_diffprb has 0 polygons
2026-01-04 17:55:58 +0100: Memory Usage (439728K) : backpassiv_drw has 0 polygons
2026-01-04 17:55:58 +0100: Memory Usage (439992K) : res_drw has 0 polygons
2026-01-04 17:55:58 +0100: Memory Usage (439992K) : sram_drw has 0 polygons
2026-01-04 17:55:58 +0100: Memory Usage (440104K) : trans_drw has 0 polygons
2026-01-04 17:55:58 +0100: Memory Usage (440104K) : ind_drw has 0 polygons
2026-01-04 17:55:58 +0100: Memory Usage (440104K) : ind_pin has 0 polygons
2026-01-04 17:55:58 +0100: Memory Usage (440364K) : ind_text has 0 polygons
2026-01-04 17:55:58 +0100: Memory Usage (440364K) : salblock_drw has 0 polygons
2026-01-04 17:55:58 +0100: Memory Usage (440496K) : via2_drw has 0 polygons
2026-01-04 17:55:58 +0100: Memory Usage (440496K) : metal3_drw has 0 polygons
2026-01-04 17:55:58 +0100: Memory Usage (440496K) : metal3_pin has 0 polygons
2026-01-04 17:55:58 +0100: Memory Usage (440496K) : metal3_mask has 0 polygons
2026-01-04 17:55:58 +0100: Memory Usage (440724K) : metal3_filler has 0 polygons
2026-01-04 17:55:58 +0100: Memory Usage (440724K) : metal3_nofill has 0 polygons
2026-01-04 17:55:58 +0100: Memory Usage (440724K) : metal3_slit has 0 polygons
2026-01-04 17:55:58 +0100: Memory Usage (440984K) : metal3_text has 0 polygons
2026-01-04 17:55:58 +0100: Memory Usage (440984K) : metal3_opc has 0 polygons
2026-01-04 17:55:58 +0100: Memory Usage (440984K) : metal3_noqrc has 0 polygons
2026-01-04 17:55:58 +0100: Memory Usage (440984K) : metal3_res has 0 polygons
2026-01-04 17:55:58 +0100: Memory Usage (440984K) : metal3_iprobe has 0 polygons
2026-01-04 17:55:58 +0100: Memory Usage (441248K) : metal3_diffprb has 0 polygons
2026-01-04 17:55:58 +0100: Memory Usage (441248K) : nwell_drw has 2 polygons
2026-01-04 17:55:58 +0100: Memory Usage (441248K) : nwell_pin has 0 polygons
2026-01-04 17:55:58 +0100: Memory Usage (441248K) : nbulay_drw has 0 polygons
2026-01-04 17:55:58 +0100: Memory Usage (441248K) : nbulay_pin has 0 polygons
2026-01-04 17:55:58 +0100: Memory Usage (441512K) : nbulay_block has 0 polygons
2026-01-04 17:55:58 +0100: Memory Usage (441608K) : emwind_drw has 0 polygons
2026-01-04 17:55:58 +0100: Memory Usage (441608K) : emwind_opc has 0 polygons
2026-01-04 17:55:58 +0100: Memory Usage (441608K) : deepco_drw has 0 polygons
2026-01-04 17:55:58 +0100: Memory Usage (441792K) : deepco_drw has 0 polygons
2026-01-04 17:55:58 +0100: Memory Usage (441792K) : mim_drw has 0 polygons
2026-01-04 17:55:58 +0100: Memory Usage (441792K) : edgeseal_drw has 0 polygons
2026-01-04 17:55:58 +0100: Memory Usage (442052K) : edgeseal_bound has 0 polygons
2026-01-04 17:55:58 +0100: Memory Usage (442052K) : substrate_drw has 1 polygons
2026-01-04 17:55:58 +0100: Memory Usage (442052K) : substrate_text has 0 polygons
2026-01-04 17:55:58 +0100: Memory Usage (442052K) : dfpad_drw has 0 polygons
2026-01-04 17:55:58 +0100: Memory Usage (442052K) : dfpad_pillar has 0 polygons
2026-01-04 17:55:58 +0100: Memory Usage (442316K) : dfpad_sbump has 0 polygons
2026-01-04 17:55:58 +0100: Memory Usage (442316K) : thickgateox_drw has 0 polygons
2026-01-04 17:55:58 +0100: Memory Usage (442316K) : pldb_drw has 0 polygons
2026-01-04 17:55:58 +0100: Memory Usage (442316K) : pwell_drw has 0 polygons
2026-01-04 17:55:58 +0100: Memory Usage (442316K) : pwell_pin has 0 polygons
2026-01-04 17:55:58 +0100: Memory Usage (442580K) : pwell_block has 0 polygons
2026-01-04 17:55:58 +0100: Memory Usage (442580K) : ic_drw has 0 polygons
2026-01-04 17:55:58 +0100: Memory Usage (442668K) : via3_drw has 0 polygons
2026-01-04 17:55:58 +0100: Memory Usage (442668K) : metal4_drw has 0 polygons
2026-01-04 17:55:58 +0100: Memory Usage (442668K) : metal4_pin has 0 polygons
2026-01-04 17:55:58 +0100: Memory Usage (442928K) : metal4_mask has 0 polygons
2026-01-04 17:55:58 +0100: Memory Usage (442928K) : metal4_filler has 0 polygons
2026-01-04 17:55:58 +0100: Memory Usage (442928K) : metal4_nofill has 0 polygons
2026-01-04 17:55:58 +0100: Memory Usage (442928K) : metal4_slit has 0 polygons
2026-01-04 17:55:58 +0100: Memory Usage (442928K) : metal4_text has 0 polygons
2026-01-04 17:55:58 +0100: Memory Usage (443192K) : metal4_opc has 0 polygons
2026-01-04 17:55:58 +0100: Memory Usage (443192K) : metal4_noqrc has 0 polygons
2026-01-04 17:55:58 +0100: Memory Usage (443336K) : metal4_res has 0 polygons
2026-01-04 17:55:58 +0100: Memory Usage (443336K) : metal4_iprobe has 0 polygons
2026-01-04 17:55:58 +0100: Memory Usage (443336K) : metal4_diffprb has 0 polygons
2026-01-04 17:55:58 +0100: Memory Usage (443336K) : heattrans_drw has 2 polygons
2026-01-04 17:55:58 +0100: Memory Usage (443596K) : heatres_drw has 0 polygons
2026-01-04 17:55:58 +0100: Memory Usage (443596K) : pempoly_drw has 0 polygons
2026-01-04 17:55:58 +0100: Memory Usage (443596K) : fbe_drw has 0 polygons
2026-01-04 17:55:58 +0100: Memory Usage (443596K) : empoly_drw has 0 polygons
2026-01-04 17:55:58 +0100: Memory Usage (443788K) : ldmos_drw has 0 polygons
2026-01-04 17:55:58 +0100: Memory Usage (443788K) : pbiwind_drw has 0 polygons
2026-01-04 17:55:58 +0100: Memory Usage (443788K) : digisub_drw has 0 polygons
2026-01-04 17:55:58 +0100: Memory Usage (444048K) : nodrc_drw has 0 polygons
2026-01-04 17:55:58 +0100: Memory Usage (444048K) : text_drw has 2 polygons
2026-01-04 17:55:58 +0100: Memory Usage (444048K) : via4_drw has 0 polygons
2026-01-04 17:55:58 +0100: Memory Usage (444048K) : metal5_drw has 0 polygons
2026-01-04 17:55:58 +0100: Memory Usage (444048K) : metal5_pin has 0 polygons
2026-01-04 17:55:58 +0100: Memory Usage (444312K) : metal5_mask has 0 polygons
2026-01-04 17:55:58 +0100: Memory Usage (444312K) : metal5_filler has 0 polygons
2026-01-04 17:55:58 +0100: Memory Usage (444312K) : metal5_nofill has 0 polygons
2026-01-04 17:55:58 +0100: Memory Usage (444312K) : metal5_slit has 0 polygons
2026-01-04 17:55:58 +0100: Memory Usage (444312K) : metal5_text has 0 polygons
2026-01-04 17:55:58 +0100: Memory Usage (444576K) : metal5_opc has 0 polygons
2026-01-04 17:55:58 +0100: Memory Usage (444576K) : metal5_noqrc has 0 polygons
2026-01-04 17:55:58 +0100: Memory Usage (444576K) : metal5_res has 0 polygons
2026-01-04 17:55:58 +0100: Memory Usage (444576K) : metal5_iprobe has 0 polygons
2026-01-04 17:55:58 +0100: Memory Usage (444576K) : metal5_diffprb has 0 polygons
2026-01-04 17:55:58 +0100: Memory Usage (444952K) : radhard_drw has 0 polygons
2026-01-04 17:55:58 +0100: Memory Usage (444952K) : memcap_drw has 0 polygons
2026-01-04 17:55:58 +0100: Memory Usage (444952K) : varicap_drw has 0 polygons
2026-01-04 17:55:58 +0100: Memory Usage (444952K) : flash_drw has 0 polygons
2026-01-04 17:55:58 +0100: Memory Usage (445212K) : intbondvia_drw has 0 polygons
2026-01-04 17:55:58 +0100: Memory Usage (445212K) : intbondmet_drw has 0 polygons
2026-01-04 17:55:58 +0100: Memory Usage (445212K) : devbondvia_drw has 0 polygons
2026-01-04 17:55:58 +0100: Memory Usage (445212K) : devbondmet_drw has 0 polygons
2026-01-04 17:55:58 +0100: Memory Usage (445212K) : devtrench_drw has 0 polygons
2026-01-04 17:55:58 +0100: Memory Usage (445476K) : redist_drw has 0 polygons
2026-01-04 17:55:58 +0100: Memory Usage (445476K) : graphbot_drw has 0 polygons
2026-01-04 17:55:58 +0100: Memory Usage (445476K) : graphtop_drw has 0 polygons
2026-01-04 17:55:58 +0100: Memory Usage (445476K) : antvia1_drw has 0 polygons
2026-01-04 17:55:58 +0100: Memory Usage (445476K) : antmetal2_drw has 0 polygons
2026-01-04 17:55:58 +0100: Memory Usage (445740K) : graphcont_drw has 0 polygons
2026-01-04 17:55:58 +0100: Memory Usage (445740K) : siwg_drw has 0 polygons
2026-01-04 17:55:58 +0100: Memory Usage (445740K) : siwg_filler has 0 polygons
2026-01-04 17:55:58 +0100: Memory Usage (445740K) : siwg_nofill has 0 polygons
2026-01-04 17:55:58 +0100: Memory Usage (445940K) : sigrating_drw has 0 polygons
2026-01-04 17:55:58 +0100: Memory Usage (445940K) : singrating_drw has 0 polygons
2026-01-04 17:55:58 +0100: Memory Usage (445940K) : graphpas_drw has 0 polygons
2026-01-04 17:55:58 +0100: Memory Usage (446200K) : emwind3_drw has 0 polygons
2026-01-04 17:55:58 +0100: Memory Usage (446200K) : emwihv3_drw has 0 polygons
2026-01-04 17:55:58 +0100: Memory Usage (446200K) : redbulay_drw has 0 polygons
2026-01-04 17:55:58 +0100: Memory Usage (446200K) : smos_drw has 0 polygons
2026-01-04 17:55:58 +0100: Memory Usage (446200K) : graphpad_drw has 0 polygons
2026-01-04 17:55:58 +0100: Memory Usage (446508K) : polimide_drw has 0 polygons
2026-01-04 17:55:58 +0100: Memory Usage (446508K) : polimide_pin has 0 polygons
2026-01-04 17:55:58 +0100: Memory Usage (446508K) : recog_drw has 0 polygons
2026-01-04 17:55:58 +0100: Memory Usage (446508K) : recog_pin has 0 polygons
2026-01-04 17:55:58 +0100: Memory Usage (446508K) : recog_esd has 0 polygons
2026-01-04 17:55:58 +0100: Memory Usage (446508K) : recog_diode has 0 polygons
2026-01-04 17:55:58 +0100: Memory Usage (446768K) : recog_tsv has 0 polygons
2026-01-04 17:55:58 +0100: Memory Usage (446768K) : recog_iprobe has 0 polygons
2026-01-04 17:55:58 +0100: Memory Usage (446768K) : recog_diffprb has 0 polygons
2026-01-04 17:55:58 +0100: Memory Usage (446768K) : recog_pillar has 0 polygons
2026-01-04 17:55:58 +0100: Memory Usage (446768K) : recog_sbump has 0 polygons
2026-01-04 17:55:58 +0100: Memory Usage (446768K) : recog_otp has 0 polygons
2026-01-04 17:55:58 +0100: Memory Usage (446768K) : recog_pdiode has 0 polygons
2026-01-04 17:55:58 +0100: Memory Usage (447032K) : recog_mom has 0 polygons
2026-01-04 17:55:58 +0100: Memory Usage (447032K) : recog_pcm has 0 polygons
2026-01-04 17:55:58 +0100: Memory Usage (447032K) : colopen_drw has 0 polygons
2026-01-04 17:55:58 +0100: Memory Usage (447032K) : graphmetal1_drw has 0 polygons
2026-01-04 17:55:58 +0100: Memory Usage (447032K) : graphmetal1_filler has 0 polygons
2026-01-04 17:55:58 +0100: Memory Usage (447032K) : graphmetal1_nofill has 0 polygons
2026-01-04 17:55:58 +0100: Memory Usage (447032K) : graphmetal1_slit has 0 polygons
2026-01-04 17:55:58 +0100: Memory Usage (447296K) : graphmetal1_opc has 0 polygons
2026-01-04 17:55:58 +0100: Memory Usage (447296K) : graphmet1l_drw has 0 polygons
2026-01-04 17:55:58 +0100: Memory Usage (447296K) : graphmet1l_filler has 0 polygons
2026-01-04 17:55:58 +0100: Memory Usage (447296K) : graphmet1l_nofill has 0 polygons
2026-01-04 17:55:58 +0100: Memory Usage (447296K) : graphmet1l_slit has 0 polygons
2026-01-04 17:55:58 +0100: Memory Usage (447560K) : graphmet1l_opc has 0 polygons
2026-01-04 17:55:58 +0100: Memory Usage (447560K) : extblock_drw has 0 polygons
2026-01-04 17:55:58 +0100: Memory Usage (447560K) : nldd_drw has 0 polygons
2026-01-04 17:55:58 +0100: Memory Usage (447560K) : pldd_drw has 0 polygons
2026-01-04 17:55:58 +0100: Memory Usage (447824K) : next_drw has 0 polygons
2026-01-04 17:55:58 +0100: Memory Usage (447824K) : pext_drw has 0 polygons
2026-01-04 17:55:58 +0100: Memory Usage (447824K) : nexthv_drw has 0 polygons
2026-01-04 17:55:58 +0100: Memory Usage (447824K) : pexthv_drw has 0 polygons
2026-01-04 17:55:58 +0100: Memory Usage (447824K) : graphgate_drw has 0 polygons
2026-01-04 17:55:58 +0100: Memory Usage (447824K) : sinwg_drw has 0 polygons
2026-01-04 17:55:58 +0100: Memory Usage (448088K) : sinwg_filler has 0 polygons
2026-01-04 17:55:58 +0100: Memory Usage (448088K) : sinwg_nofill has 0 polygons
2026-01-04 17:55:58 +0100: Memory Usage (448088K) : mempad_drw has 0 polygons
2026-01-04 17:55:58 +0100: Memory Usage (448088K) : topvia1_drw has 0 polygons
2026-01-04 17:55:58 +0100: Memory Usage (448088K) : topmetal1_drw has 0 polygons
2026-01-04 17:55:58 +0100: Memory Usage (448088K) : topmetal1_pin has 0 polygons
2026-01-04 17:55:58 +0100: Memory Usage (448088K) : topmetal1_mask has 0 polygons
2026-01-04 17:55:58 +0100: Memory Usage (448352K) : topmetal1_filler has 0 polygons
2026-01-04 17:55:58 +0100: Memory Usage (448352K) : topmetal1_nofill has 0 polygons
2026-01-04 17:55:58 +0100: Memory Usage (448352K) : topmetal1_slit has 0 polygons
2026-01-04 17:55:58 +0100: Memory Usage (448352K) : topmetal1_text has 0 polygons
2026-01-04 17:55:58 +0100: Memory Usage (448352K) : topmetal1_noqrc has 0 polygons
2026-01-04 17:55:58 +0100: Memory Usage (448616K) : topmetal1_res has 0 polygons
2026-01-04 17:55:58 +0100: Memory Usage (448616K) : topmetal1_iprobe has 0 polygons
2026-01-04 17:55:58 +0100: Memory Usage (448616K) : topmetal1_diffprb has 0 polygons
2026-01-04 17:55:58 +0100: Memory Usage (448616K) : inldpwl_drw has 0 polygons
2026-01-04 17:55:58 +0100: Memory Usage (448616K) : polyres_drw has 0 polygons
2026-01-04 17:55:58 +0100: Memory Usage (448880K) : polyres_pin has 0 polygons
2026-01-04 17:55:58 +0100: Memory Usage (448880K) : vmim_drw has 0 polygons
2026-01-04 17:55:58 +0100: Memory Usage (448880K) : nbulaycut_drw has 0 polygons
2026-01-04 17:55:58 +0100: Memory Usage (448880K) : antmetal1_drw has 0 polygons
2026-01-04 17:55:58 +0100: Memory Usage (448880K) : topvia2_drw has 0 polygons
2026-01-04 17:55:58 +0100: Memory Usage (449144K) : topmetal2_drw has 0 polygons
2026-01-04 17:55:58 +0100: Memory Usage (449144K) : topmetal2_pin has 0 polygons
2026-01-04 17:55:58 +0100: Memory Usage (449144K) : topmetal2_mask has 0 polygons
2026-01-04 17:55:58 +0100: Memory Usage (449144K) : topmetal2_filler has 0 polygons
2026-01-04 17:55:58 +0100: Memory Usage (449144K) : topmetal2_nofill has 0 polygons
2026-01-04 17:55:58 +0100: Memory Usage (449408K) : topmetal2_slit has 0 polygons
2026-01-04 17:55:58 +0100: Memory Usage (449408K) : topmetal2_text has 0 polygons
2026-01-04 17:55:58 +0100: Memory Usage (449408K) : topmetal2_noqrc has 0 polygons
2026-01-04 17:55:58 +0100: Memory Usage (449408K) : topmetal2_res has 0 polygons
2026-01-04 17:55:58 +0100: Memory Usage (449672K) : topmetal2_iprobe has 0 polygons
2026-01-04 17:55:58 +0100: Memory Usage (449672K) : topmetal2_diffprb has 0 polygons
2026-01-04 17:55:58 +0100: Memory Usage (449672K) : snsring_drw has 0 polygons
2026-01-04 17:55:58 +0100: Memory Usage (449672K) : sensor_drw has 0 polygons
2026-01-04 17:55:58 +0100: Memory Usage (449672K) : snsarms_drw has 0 polygons
2026-01-04 17:55:58 +0100: Memory Usage (449936K) : snscmosvia_drw has 0 polygons
2026-01-04 17:55:58 +0100: Memory Usage (449936K) : colwind_drw has 0 polygons
2026-01-04 17:55:58 +0100: Memory Usage (449936K) : flm_drw has 0 polygons
2026-01-04 17:55:58 +0100: Memory Usage (449936K) : hafniumox_drw has 0 polygons
2026-01-04 17:55:58 +0100: Memory Usage (449936K) : memvia_drw has 0 polygons
2026-01-04 17:55:58 +0100: Memory Usage (450200K) : thinfilmres_drw has 0 polygons
2026-01-04 17:55:58 +0100: Memory Usage (450200K) : rfmem_drw has 0 polygons
2026-01-04 17:55:58 +0100: Memory Usage (450200K) : norcx_drw has 0 polygons
2026-01-04 17:55:58 +0100: Memory Usage (450200K) : norcx_m2m3 has 0 polygons
2026-01-04 17:55:58 +0100: Memory Usage (450200K) : norcx_m2m4 has 0 polygons
2026-01-04 17:55:58 +0100: Memory Usage (450200K) : norcx_m2m5 has 0 polygons
2026-01-04 17:55:58 +0100: Memory Usage (450200K) : norcx_m2tm1 has 0 polygons
2026-01-04 17:55:58 +0100: Memory Usage (450200K) : norcx_m2tm2 has 0 polygons
2026-01-04 17:55:58 +0100: Memory Usage (450464K) : norcx_m3m4 has 0 polygons
2026-01-04 17:55:58 +0100: Memory Usage (450464K) : norcx_m3m5 has 0 polygons
2026-01-04 17:55:58 +0100: Memory Usage (450464K) : norcx_m3tm1 has 0 polygons
2026-01-04 17:55:58 +0100: Memory Usage (450464K) : norcx_m3tm2 has 0 polygons
2026-01-04 17:55:58 +0100: Memory Usage (450464K) : norcx_m4m5 has 0 polygons
2026-01-04 17:55:58 +0100: Memory Usage (450464K) : norcx_m4tm1 has 0 polygons
2026-01-04 17:55:58 +0100: Memory Usage (450464K) : norcx_m4tm2 has 0 polygons
2026-01-04 17:55:58 +0100: Memory Usage (450728K) : norcx_m5tm1 has 0 polygons
2026-01-04 17:55:58 +0100: Memory Usage (450728K) : norcx_m5tm2 has 0 polygons
2026-01-04 17:55:58 +0100: Memory Usage (450728K) : norcx_tm1tm2 has 0 polygons
2026-01-04 17:55:58 +0100: Memory Usage (450728K) : norcx_m1sub has 0 polygons
2026-01-04 17:55:58 +0100: Memory Usage (450728K) : norcx_m2sub has 0 polygons
2026-01-04 17:55:58 +0100: Memory Usage (450728K) : norcx_m3sub has 0 polygons
2026-01-04 17:55:58 +0100: Memory Usage (450728K) : norcx_m4sub has 0 polygons
2026-01-04 17:55:58 +0100: Memory Usage (450992K) : norcx_m5sub has 0 polygons
2026-01-04 17:55:58 +0100: Memory Usage (450992K) : norcx_tm1sub has 0 polygons
2026-01-04 17:55:58 +0100: Memory Usage (450992K) : norcx_tm2sub has 0 polygons
2026-01-04 17:55:58 +0100: Memory Usage (450992K) : snsbotvia_drw has 0 polygons
2026-01-04 17:55:58 +0100: Memory Usage (450992K) : snstopvia_drw has 0 polygons
2026-01-04 17:55:58 +0100: Memory Usage (450992K) : deepvia_drw has 0 polygons
2026-01-04 17:55:58 +0100: Memory Usage (450992K) : fgetch_drw has 0 polygons
2026-01-04 17:55:58 +0100: Memory Usage (451256K) : ctrgat_drw has 0 polygons
2026-01-04 17:55:58 +0100: Memory Usage (451256K) : fgimp_drw has 0 polygons
2026-01-04 17:55:58 +0100: Memory Usage (451256K) : emwihv_drw has 0 polygons
2026-01-04 17:55:58 +0100: Memory Usage (451256K) : lbe_drw has 0 polygons
2026-01-04 17:55:58 +0100: Memory Usage (451256K) : alcustop_drw has 0 polygons
2026-01-04 17:55:58 +0100: Memory Usage (451520K) : nometfiller_drw has 0 polygons
2026-01-04 17:55:58 +0100: Memory Usage (451520K) : prboundary_drw has 0 polygons
2026-01-04 17:55:58 +0100: Memory Usage (451520K) : exchange0_drw has 0 polygons
2026-01-04 17:55:58 +0100: Memory Usage (451520K) : exchange0_pin has 0 polygons
2026-01-04 17:55:58 +0100: Memory Usage (451520K) : exchange0_text has 0 polygons
2026-01-04 17:55:58 +0100: Memory Usage (451784K) : exchange1_drw has 0 polygons
2026-01-04 17:55:58 +0100: Memory Usage (451784K) : exchange1_pin has 0 polygons
2026-01-04 17:55:58 +0100: Memory Usage (451784K) : exchange1_text has 0 polygons
2026-01-04 17:55:58 +0100: Memory Usage (451784K) : exchange2_drw has 0 polygons
2026-01-04 17:55:58 +0100: Memory Usage (451784K) : exchange2_pin has 0 polygons
2026-01-04 17:55:58 +0100: Memory Usage (451784K) : exchange2_text has 0 polygons
2026-01-04 17:55:58 +0100: Memory Usage (451784K) : exchange3_drw has 0 polygons
2026-01-04 17:55:58 +0100: Memory Usage (451784K) : exchange3_pin has 0 polygons
2026-01-04 17:55:58 +0100: Memory Usage (451784K) : exchange3_text has 0 polygons
2026-01-04 17:55:58 +0100: Memory Usage (451784K) : exchange4_drw has 0 polygons
2026-01-04 17:55:58 +0100: Memory Usage (451784K) : exchange4_pin has 0 polygons
2026-01-04 17:55:58 +0100: Memory Usage (451784K) : exchange4_text has 0 polygons
2026-01-04 17:55:58 +0100: Memory Usage (452048K) : isonwell_drw has 0 polygons
2026-01-04 17:55:58 +0100: Memory Usage (452048K) : Total no. of polygons in the design is 52
2026-01-04 17:55:58 +0100: Memory Usage (452048K) : Loaded TECH DRC rules values from /foss/pdks/ihp-sg13g2/libs.tech/klayout/python/sg13g2_pycell_lib/sg13g2_tech_mod.json
2026-01-04 17:55:58 +0100: Memory Usage (452048K) : Loaded default DRC rules values from /foss/pdks/ihp-sg13g2/libs.tech/klayout/tech/drc/rule_decks/sg13g2_tech_default.json
2026-01-04 17:55:58 +0100: Memory Usage (452048K) : The following rules values were missing in tech json and default values were used:
2026-01-04 17:55:58 +0100: Memory Usage (452048K) :   - Cnt_c_digibnd
2026-01-04 17:55:58 +0100: Memory Usage (452432K) : Total area of the design is 3.9336 um^2.
2026-01-04 17:55:58 +0100: Memory Usage (452432K) : The design dimensions are 1.49 µm * 2.64 µm.
2026-01-04 17:55:58 +0100: Memory Usage (452432K) : Starting general IHP-SG13G2 derivations.
2026-01-04 17:55:58 +0100: Memory Usage (452432K) : Starting Pwell derivations
2026-01-04 17:55:58 +0100: Memory Usage (455864K) : Starting n-Activ derivations
2026-01-04 17:55:58 +0100: Memory Usage (455988K) : Starting p-Activ derivations
2026-01-04 17:55:58 +0100: Memory Usage (455988K) : Starting ptap derivations
2026-01-04 17:55:58 +0100: Memory Usage (456252K) : Starting ntap derivations
2026-01-04 17:55:58 +0100: Memory Usage (456252K) : Starting pact FET derivations
2026-01-04 17:55:58 +0100: Memory Usage (456252K) : Starting nact FET derivations
2026-01-04 17:55:58 +0100: Memory Usage (456256K) : Starting Gate derivations
2026-01-04 17:55:58 +0100: Memory Usage (456524K) : Starting cont/contbar general derivations
2026-01-04 17:55:58 +0100: Memory Usage (456524K) : Starting pad general derivations
2026-01-04 17:55:58 +0100: Memory Usage (456848K) : Starting IHP-SG13G2 DRC connectivity related derivations.
2026-01-04 17:55:58 +0100: Memory Usage (457376K) : Starting IHP-SG13G2 DRC connectivity setup
2026-01-04 17:55:58 +0100: Memory Usage (457756K) : Starting IHP-SG13G2 DRC rules.
2026-01-04 17:55:58 +0100: Memory Usage (457756K) : Running all FEOL rules
2026-01-04 17:55:58 +0100: Memory Usage (457756K) : Running all BEOL rules
2026-01-04 17:55:58 +0100: Memory Usage (457756K) : Running all PIN rules
2026-01-04 17:55:58 +0100: Memory Usage (457756K) : Running all FORBIDDEN rules
2026-01-04 17:55:58 +0100: Memory Usage (457756K) : Starting 5.1 NWell table
2026-01-04 17:55:58 +0100: Memory Usage (457756K) : Executing rule NW.b
2026-01-04 17:55:58 +0100: Memory Usage (458128K) : Executing rule NW.b1
2026-01-04 17:55:58 +0100: Memory Usage (458128K) : Starting 5.2 PWell:block
2026-01-04 17:55:58 +0100: Memory Usage (458128K) : Executing rule PWB.e
2026-01-04 17:55:58 +0100: Memory Usage (458128K) : Executing rule PWB.e1
2026-01-04 17:55:58 +0100: Memory Usage (458128K) : Executing rule PWB.f
2026-01-04 17:55:58 +0100: Memory Usage (458128K) : Executing rule PWB.f1
2026-01-04 17:55:58 +0100: Memory Usage (458128K) : Starting 5.3 nBuLay table
2026-01-04 17:55:58 +0100: Memory Usage (458128K) : Executing rule NBL.b
2026-01-04 17:55:58 +0100: Memory Usage (458128K) : Executing rule NBL.c
2026-01-04 17:55:58 +0100: Memory Usage (458128K) : Executing rule NBL.d
2026-01-04 17:55:58 +0100: Memory Usage (458128K) : Executing rule NBL.e
2026-01-04 17:55:58 +0100: Memory Usage (458128K) : Executing rule NBL.f
2026-01-04 17:55:58 +0100: Memory Usage (458128K) : Starting 5.5. Activ table
2026-01-04 17:55:58 +0100: Memory Usage (458128K) : Executing rule Act.a
2026-01-04 17:55:58 +0100: Memory Usage (458128K) : Executing rule Act.b
2026-01-04 17:55:58 +0100: Memory Usage (458128K) : Starting 5.6 Activ:filler table
2026-01-04 17:55:58 +0100: Memory Usage (458128K) : Executing rule AFil.c1
2026-01-04 17:55:58 +0100: Memory Usage (458128K) : Executing rule AFil.c
2026-01-04 17:55:58 +0100: Memory Usage (458128K) : Executing rule AFil.d
2026-01-04 17:55:58 +0100: Memory Usage (458128K) : Executing rule AFil.e
2026-01-04 17:55:58 +0100: Memory Usage (458128K) : Executing rule AFil.j
2026-01-04 17:55:58 +0100: Memory Usage (458128K) : Starting 5.7. ThickGateOx table
2026-01-04 17:55:58 +0100: Memory Usage (458128K) : Executing rule TGO.f
2026-01-04 17:55:58 +0100: Memory Usage (458128K) : Starting 5.8. GatPoly table
2026-01-04 17:55:58 +0100: Memory Usage (458128K) : Executing rule Gat.a
2026-01-04 17:55:58 +0100: Memory Usage (458128K) : Executing rule Gat.b
2026-01-04 17:55:58 +0100: Memory Usage (458168K) : Executing rule Gat.d
2026-01-04 17:55:58 +0100: Memory Usage (458168K) : Executing rule Gat.a1
2026-01-04 17:55:58 +0100: Memory Usage (458308K) : Executing rule Gat.a2
2026-01-04 17:55:58 +0100: Memory Usage (458308K) : Executing rule Gat.g
2026-01-04 17:55:58 +0100: Memory Usage (458308K) : Starting 5.9 GatPoly:filler
2026-01-04 17:55:58 +0100: Memory Usage (458308K) : Executing rule GFil.d
2026-01-04 17:55:58 +0100: Memory Usage (458308K) : Executing rule GFil.e
2026-01-04 17:55:58 +0100: Memory Usage (458308K) : Executing rule GFil.i
2026-01-04 17:55:58 +0100: Memory Usage (458308K) : Starting 5.10 pSD table
2026-01-04 17:55:58 +0100: Memory Usage (458308K) : Executing rule pSD.c1
2026-01-04 17:55:58 +0100: Memory Usage (458308K) : Starting 5.14. Cont table
2026-01-04 17:55:58 +0100: Memory Usage (458308K) : Executing rule Cnt.a
2026-01-04 17:55:58 +0100: Memory Usage (458308K) : Executing rule Cnt.b
2026-01-04 17:55:58 +0100: Memory Usage (458308K) : Executing rule Cnt.c
2026-01-04 17:55:58 +0100: Memory Usage (458308K) : Executing rule Cnt.c
2026-01-04 17:55:58 +0100: Memory Usage (458308K) : Executing rule Cnt.d
2026-01-04 17:55:58 +0100: Memory Usage (458308K) : Executing rule Cnt.e
2026-01-04 17:55:58 +0100: Memory Usage (458308K) : Executing rule Cnt.g1
2026-01-04 17:55:58 +0100: Memory Usage (458312K) : Executing rule Cnt.g2
2026-01-04 17:55:58 +0100: Memory Usage (458312K) : Starting 5.15. ContBar table
2026-01-04 17:55:58 +0100: Memory Usage (458312K) : Executing rule CntB.b1
2026-01-04 17:55:58 +0100: Memory Usage (458312K) : Executing rule CntB.h1
2026-01-04 17:55:58 +0100: Memory Usage (458312K) : Starting 6.1.3 NPN Substrate-Tie table
2026-01-04 17:55:58 +0100: Memory Usage (458312K) : Executing rule npn13G2.bR 
2026-01-04 17:55:58 +0100: Memory Usage (458312K) : Executing rule npn13G2L.cR 
2026-01-04 17:55:58 +0100: Memory Usage (458312K) : Executing rule npn13G2V.cR 
2026-01-04 17:55:58 +0100: Memory Usage (458312K) : Starting 6.7 Schottky diode table
2026-01-04 17:55:58 +0100: Memory Usage (458312K) : Executing rule Sdiod.d
2026-01-04 17:55:58 +0100: Memory Usage (458312K) : Executing rule Sdiod.e
2026-01-04 17:55:58 +0100: Memory Usage (458312K) : Starting 7.2 Latch-up table
2026-01-04 17:55:58 +0100: Memory Usage (458312K) : Executing rule LU.b
2026-01-04 17:55:58 +0100: Memory Usage (458312K) : Starting 5.16. Metal1 table
2026-01-04 17:55:58 +0100: Memory Usage (458312K) : Executing rule M1.a
2026-01-04 17:55:58 +0100: Memory Usage (458312K) : Executing rule M1.b
2026-01-04 17:55:58 +0100: Memory Usage (458312K) : Executing rule M1.e
2026-01-04 17:55:58 +0100: Memory Usage (458312K) : Executing rule M1.f
2026-01-04 17:55:58 +0100: Memory Usage (458312K) : Executing rule M1.g
2026-01-04 17:55:58 +0100: Memory Usage (458316K) : Executing rule M1.i
2026-01-04 17:55:58 +0100: Memory Usage (458316K) : Starting 5.17 Metaln table
2026-01-04 17:55:58 +0100: Memory Usage (458316K) : Executing rule M2.a
2026-01-04 17:55:58 +0100: Memory Usage (458316K) : Executing rule M2.b
2026-01-04 17:55:58 +0100: Memory Usage (458316K) : Executing rule M2.e
2026-01-04 17:55:58 +0100: Memory Usage (458316K) : Executing rule M2.f
2026-01-04 17:55:58 +0100: Memory Usage (458316K) : Executing rule M2.g
2026-01-04 17:55:58 +0100: Memory Usage (458316K) : Executing rule M2.i
2026-01-04 17:55:58 +0100: Memory Usage (458316K) : Executing rule M3.a
2026-01-04 17:55:58 +0100: Memory Usage (458316K) : Executing rule M3.b
2026-01-04 17:55:58 +0100: Memory Usage (458316K) : Executing rule M3.e
2026-01-04 17:55:58 +0100: Memory Usage (458316K) : Executing rule M3.f
2026-01-04 17:55:58 +0100: Memory Usage (458316K) : Executing rule M3.g
2026-01-04 17:55:58 +0100: Memory Usage (458316K) : Executing rule M3.i
2026-01-04 17:55:58 +0100: Memory Usage (458316K) : Executing rule M4.a
2026-01-04 17:55:58 +0100: Memory Usage (458316K) : Executing rule M4.b
2026-01-04 17:55:58 +0100: Memory Usage (458316K) : Executing rule M4.e
2026-01-04 17:55:58 +0100: Memory Usage (458316K) : Executing rule M4.f
2026-01-04 17:55:58 +0100: Memory Usage (458316K) : Executing rule M4.g
2026-01-04 17:55:58 +0100: Memory Usage (458316K) : Executing rule M4.i
2026-01-04 17:55:58 +0100: Memory Usage (458316K) : Executing rule M5.a
2026-01-04 17:55:58 +0100: Memory Usage (458316K) : Executing rule M5.b
2026-01-04 17:55:58 +0100: Memory Usage (458316K) : Executing rule M5.e
2026-01-04 17:55:58 +0100: Memory Usage (458316K) : Executing rule M5.f
2026-01-04 17:55:58 +0100: Memory Usage (458316K) : Executing rule M5.g
2026-01-04 17:55:58 +0100: Memory Usage (458316K) : Executing rule M5.i
2026-01-04 17:55:58 +0100: Memory Usage (458316K) : Starting 5.18 Metaln:filler table
2026-01-04 17:55:58 +0100: Memory Usage (458316K) : Executing rule M1Fil.c
2026-01-04 17:55:58 +0100: Memory Usage (458316K) : Executing rule M1Fil.a2
2026-01-04 17:55:58 +0100: Memory Usage (458316K) : Executing rule M2Fil.c
2026-01-04 17:55:58 +0100: Memory Usage (458316K) : Executing rule M2Fil.a2
2026-01-04 17:55:58 +0100: Memory Usage (458316K) : Executing rule M3Fil.c
2026-01-04 17:55:58 +0100: Memory Usage (458316K) : Executing rule M3Fil.a2
2026-01-04 17:55:58 +0100: Memory Usage (458316K) : Executing rule M4Fil.c
2026-01-04 17:55:58 +0100: Memory Usage (458316K) : Executing rule M4Fil.a2
2026-01-04 17:55:58 +0100: Memory Usage (458316K) : Executing rule M5Fil.c
2026-01-04 17:55:58 +0100: Memory Usage (458316K) : Executing rule M5Fil.a2
2026-01-04 17:55:58 +0100: Memory Usage (458316K) : Starting 5.19. Via1 table
2026-01-04 17:55:58 +0100: Memory Usage (458316K) : Starting 5.19. Via1 table derivations
2026-01-04 17:55:58 +0100: Memory Usage (458316K) : Executing rule V1.a
2026-01-04 17:55:58 +0100: Memory Usage (458316K) : Executing rule V1.b
2026-01-04 17:55:58 +0100: Memory Usage (458316K) : Executing rule V1.c
2026-01-04 17:55:58 +0100: Memory Usage (458316K) : Starting 5.20. Vian table
2026-01-04 17:55:58 +0100: Memory Usage (458316K) : Executing rule V2.a
2026-01-04 17:55:58 +0100: Memory Usage (458316K) : Executing rule V2.b
2026-01-04 17:55:58 +0100: Memory Usage (458316K) : Executing rule V2.c
2026-01-04 17:55:58 +0100: Memory Usage (458316K) : Executing rule V3.a
2026-01-04 17:55:58 +0100: Memory Usage (458316K) : Executing rule V3.b
2026-01-04 17:55:58 +0100: Memory Usage (458316K) : Executing rule V3.c
2026-01-04 17:55:58 +0100: Memory Usage (458316K) : Executing rule V4.a
2026-01-04 17:55:58 +0100: Memory Usage (458316K) : Executing rule V4.b
2026-01-04 17:55:58 +0100: Memory Usage (458316K) : Executing rule V4.c
2026-01-04 17:55:58 +0100: Memory Usage (458316K) : Starting 5.21. TopVia1 table
2026-01-04 17:55:58 +0100: Memory Usage (458316K) : Executing rule TV1.a
2026-01-04 17:55:58 +0100: Memory Usage (458316K) : Executing rule TV1.b
2026-01-04 17:55:58 +0100: Memory Usage (458316K) : Executing rule TV1.c
2026-01-04 17:55:58 +0100: Memory Usage (458316K) : Executing rule TV1.d
2026-01-04 17:55:58 +0100: Memory Usage (458316K) : Starting 5.22. TopMetal1 table
2026-01-04 17:55:58 +0100: Memory Usage (458316K) : Executing rule TM1.a
2026-01-04 17:55:58 +0100: Memory Usage (458316K) : Executing rule TM1.b
2026-01-04 17:55:58 +0100: Memory Usage (458316K) : Starting 5.23 TopMetal1:filler table
2026-01-04 17:55:58 +0100: Memory Usage (458316K) : Executing rule TM1Fil.c
2026-01-04 17:55:58 +0100: Memory Usage (458316K) : Executing rule TM1Fil.a1
2026-01-04 17:55:58 +0100: Memory Usage (458316K) : Starting 5.24. TopVia2 table
2026-01-04 17:55:58 +0100: Memory Usage (458316K) : Executing rule TV2.a
2026-01-04 17:55:58 +0100: Memory Usage (458316K) : Executing rule TV2.b
2026-01-04 17:55:58 +0100: Memory Usage (458316K) : Executing rule TV2.c
2026-01-04 17:55:58 +0100: Memory Usage (458316K) : Executing rule TV2.d
2026-01-04 17:55:58 +0100: Memory Usage (458316K) : Starting 5.25. TopMetal2 table
2026-01-04 17:55:58 +0100: Memory Usage (458316K) : Executing rule TM2.a
2026-01-04 17:55:58 +0100: Memory Usage (458316K) : Executing rule TM2.b
2026-01-04 17:55:58 +0100: Memory Usage (458316K) : Executing rule TM2.bR
2026-01-04 17:55:58 +0100: Memory Usage (458316K) : Starting 5.26 TopMetal2:filler table
2026-01-04 17:55:58 +0100: Memory Usage (458316K) : Executing rule TM2Fil.c
2026-01-04 17:55:58 +0100: Memory Usage (458316K) : Executing rule TM2Fil.a1
2026-01-04 17:55:58 +0100: Memory Usage (458316K) : Starting 5.27. Passiv table
2026-01-04 17:55:58 +0100: Memory Usage (458316K) : Executing rule Pas.a
2026-01-04 17:55:58 +0100: Memory Usage (458316K) : Executing rule Pas.b
2026-01-04 17:55:59 +0100: Memory Usage (458316K) : Executing rule Pas.c
2026-01-04 17:55:59 +0100: Memory Usage (458316K) : Starting 6.9.2 Copper Pillar table
2026-01-04 17:55:59 +0100: Memory Usage (458316K) : Executing rule Padc.a
2026-01-04 17:55:59 +0100: Memory Usage (458316K) : Executing rule Padc.b
2026-01-04 17:55:59 +0100: Memory Usage (458316K) : Executing rule Padc.c
2026-01-04 17:55:59 +0100: Memory Usage (458316K) : Executing rule Padb.f
2026-01-04 17:55:59 +0100: Memory Usage (458316K) : Starting 6.9 Pad table
2026-01-04 17:55:59 +0100: Memory Usage (458316K) : Executing rule Pad.m
2026-01-04 17:55:59 +0100: Memory Usage (458316K) : Executing rule Pad.fR_M1
2026-01-04 17:55:59 +0100: Memory Usage (458316K) : Executing rule Pad.fR_M2
2026-01-04 17:55:59 +0100: Memory Usage (458316K) : Executing rule Pad.fR_M3
2026-01-04 17:55:59 +0100: Memory Usage (458316K) : Executing rule Pad.fR_M4
2026-01-04 17:55:59 +0100: Memory Usage (458316K) : Executing rule Pad.fR_M5
2026-01-04 17:55:59 +0100: Memory Usage (458316K) : Executing rule Pad.fR_TM1
2026-01-04 17:55:59 +0100: Memory Usage (458316K) : Executing rule Pad.fR_TM2
2026-01-04 17:55:59 +0100: Memory Usage (458316K) : Executing rule Pad.i
2026-01-04 17:55:59 +0100: Memory Usage (458316K) : Starting 6.9.1 Solder Bump
2026-01-04 17:55:59 +0100: Memory Usage (458316K) : Executing rule Padb.a
2026-01-04 17:55:59 +0100: Memory Usage (458316K) : Executing rule Padb.b
2026-01-04 17:55:59 +0100: Memory Usage (458316K) : Executing rule Padb.c
2026-01-04 17:55:59 +0100: Memory Usage (458316K) : Executing rule Padb.f
2026-01-04 17:55:59 +0100: Memory Usage (458316K) : Executing rule Padb.d
2026-01-04 17:55:59 +0100: Memory Usage (458316K) : Starting 6.10 Sealring table
2026-01-04 17:55:59 +0100: Memory Usage (458316K) : Executing rule Seal.l
2026-01-04 17:55:59 +0100: Memory Usage (458316K) : Executing rule Seal.n
2026-01-04 17:55:59 +0100: Memory Usage (458316K) : Executing rule seal.b_metal1
2026-01-04 17:55:59 +0100: Memory Usage (458316K) : Executing rule seal.b_metal2
2026-01-04 17:55:59 +0100: Memory Usage (458316K) : Executing rule seal.b_metal3
2026-01-04 17:55:59 +0100: Memory Usage (458316K) : Executing rule seal.b_metal4
2026-01-04 17:55:59 +0100: Memory Usage (458316K) : Executing rule seal.b_metal5
2026-01-04 17:55:59 +0100: Memory Usage (458316K) : Executing rule seal.b_topmetal1
2026-01-04 17:55:59 +0100: Memory Usage (458316K) : Executing rule seal.b_topmetal2
2026-01-04 17:55:59 +0100: Memory Usage (458316K) : Executing rule seal.b_activ
2026-01-04 17:55:59 +0100: Memory Usage (458316K) : Executing rule seal.b_psd
2026-01-04 17:55:59 +0100: Memory Usage (458316K) : Executing rule Seal.k
2026-01-04 17:55:59 +0100: Memory Usage (458316K) : Executing rule Seal.m
2026-01-04 17:55:59 +0100: Memory Usage (458316K) : Starting 6.11 MIM table
2026-01-04 17:55:59 +0100: Memory Usage (458316K) : Executing rule MIM.c
2026-01-04 17:55:59 +0100: Memory Usage (458316K) : Executing rule MIM.d
2026-01-04 17:55:59 +0100: Memory Usage (458316K) : Executing rule MIM.gR
2026-01-04 17:55:59 +0100: Memory Usage (458316K) : Starting 7.3 Metal Slits table
2026-01-04 17:55:59 +0100: Memory Usage (458316K) : Executing rule Slt.e1_M1
2026-01-04 17:55:59 +0100: Memory Usage (458316K) : Executing rule Slt.e1_M2
2026-01-04 17:55:59 +0100: Memory Usage (458316K) : Executing rule Slt.e1_M3
2026-01-04 17:55:59 +0100: Memory Usage (458316K) : Executing rule Slt.e1_M4
2026-01-04 17:55:59 +0100: Memory Usage (458316K) : Executing rule Slt.e1_M5
2026-01-04 17:55:59 +0100: Memory Usage (458316K) : Executing rule Slt.e1_TM1
2026-01-04 17:55:59 +0100: Memory Usage (458316K) : Executing rule Slt.e1_TM2
2026-01-04 17:55:59 +0100: Memory Usage (458316K) : Starting 9.1. LBE table
2026-01-04 17:55:59 +0100: Memory Usage (458316K) : Executing rule LBE.a
2026-01-04 17:55:59 +0100: Memory Usage (458316K) : Executing rule LBE.b
2026-01-04 17:55:59 +0100: Memory Usage (458316K) : Executing rule LBE.b1
2026-01-04 17:55:59 +0100: Memory Usage (458316K) : Executing rule LBE.c
2026-01-04 17:55:59 +0100: Memory Usage (458316K) : Executing rule LBE.d
2026-01-04 17:55:59 +0100: Memory Usage (458316K) : Executing rule LBE.h
2026-01-04 17:55:59 +0100: Memory Usage (458316K) : Starting 7.4. PIN table
2026-01-04 17:55:59 +0100: Memory Usage (458316K) : Executing rule Pin.a
2026-01-04 17:55:59 +0100: Memory Usage (458316K) : Executing rule Pin.b
2026-01-04 17:55:59 +0100: Memory Usage (458316K) : Executing rule Pin.e
2026-01-04 17:55:59 +0100: Memory Usage (458316K) : Executing rule Pin.f_M2
2026-01-04 17:55:59 +0100: Memory Usage (458316K) : Executing rule Pin.f_M3
2026-01-04 17:55:59 +0100: Memory Usage (458316K) : Executing rule Pin.f_M4
2026-01-04 17:55:59 +0100: Memory Usage (458316K) : Executing rule Pin.f_M5
2026-01-04 17:55:59 +0100: Memory Usage (458316K) : Executing rule Pin.g
2026-01-04 17:55:59 +0100: Memory Usage (458316K) : Executing rule Pin.h
2026-01-04 17:55:59 +0100: Memory Usage (458316K) : Starting 3.2. FORBIDDEN table
2026-01-04 17:55:59 +0100: Memory Usage (458316K) : Executing rule forbidden.biwind
2026-01-04 17:55:59 +0100: Memory Usage (458316K) : Executing rule forbidden.pemwind
2026-01-04 17:55:59 +0100: Memory Usage (458316K) : Executing rule forbidden.baspoly
2026-01-04 17:55:59 +0100: Memory Usage (458316K) : Executing rule forbidden.deepco
2026-01-04 17:55:59 +0100: Memory Usage (458316K) : Executing rule forbidden.pempoly
2026-01-04 17:55:59 +0100: Memory Usage (458316K) : Executing rule forbidden.empoly
2026-01-04 17:55:59 +0100: Memory Usage (458316K) : Executing rule forbidden.ldmos
2026-01-04 17:55:59 +0100: Memory Usage (458316K) : Executing rule forbidden.pbiwind
2026-01-04 17:55:59 +0100: Memory Usage (458316K) : Executing rule forbidden.nodrc
2026-01-04 17:55:59 +0100: Memory Usage (458316K) : Executing rule forbidden.flash
2026-01-04 17:55:59 +0100: Memory Usage (458316K) : Executing rule forbidden.colwind
2026-01-04 17:55:59 +0100: Memory Usage (458316K) : KLayout DRC run for tables 'main' completed in 1.19 seconds
