# Logfile created on 2026-01-04 17:56:01 +0100 by logger.rb/v1.5.3
2026-01-04 17:56:01 +0100: Memory Usage (433136K) : Starting running IHP-SG13G2 Klayout DRC Density runset on /foss/designs/PhaseInterpolator/inv.gds
2026-01-04 17:56:01 +0100: Memory Usage (433136K) : Ruby Version for klayout: 3.2.3
2026-01-04 17:56:01 +0100: Memory Usage (433136K) : Loading database to memory is complete.
2026-01-04 17:56:01 +0100: Memory Usage (433136K) : IHP-SG13G2 Klayout DRC Density runset output at: /foss/designs/PhaseInterpolator/drc_run_inv/inv_inv_density.lyrdb
2026-01-04 17:56:01 +0100: Memory Usage (433136K) : Evaluate switches.
2026-01-04 17:56:01 +0100: Memory Usage (433136K) : Klayout will use  thread(s)
2026-01-04 17:56:01 +0100: Memory Usage (433136K) : Deep mode enabled: reading layers and preparing general derivations.
2026-01-04 17:56:01 +0100: Memory Usage (433136K) : PreCheck DRC enabled: false
2026-01-04 17:56:01 +0100: Memory Usage (433136K) : Read in polygons from layers.
2026-01-04 17:56:01 +0100: Memory Usage (434504K) : activ_drw has 7 polygons
2026-01-04 17:56:01 +0100: Memory Usage (434504K) : activ_mask has 0 polygons
2026-01-04 17:56:01 +0100: Memory Usage (434504K) : activ_filler has 0 polygons
2026-01-04 17:56:01 +0100: Memory Usage (434504K) : gatpoly_drw has 5 polygons
2026-01-04 17:56:01 +0100: Memory Usage (435660K) : gatpoly_filler has 0 polygons
2026-01-04 17:56:01 +0100: Memory Usage (435660K) : metal1_drw has 12 polygons
2026-01-04 17:56:01 +0100: Memory Usage (435660K) : metal1_filler has 0 polygons
2026-01-04 17:56:01 +0100: Memory Usage (435660K) : metal1_slit has 0 polygons
2026-01-04 17:56:01 +0100: Memory Usage (435660K) : metal2_drw has 0 polygons
2026-01-04 17:56:01 +0100: Memory Usage (435660K) : metal2_filler has 0 polygons
2026-01-04 17:56:01 +0100: Memory Usage (435924K) : metal2_slit has 0 polygons
2026-01-04 17:56:01 +0100: Memory Usage (435924K) : metal3_drw has 0 polygons
2026-01-04 17:56:01 +0100: Memory Usage (435924K) : metal3_filler has 0 polygons
2026-01-04 17:56:01 +0100: Memory Usage (435924K) : metal3_slit has 0 polygons
2026-01-04 17:56:01 +0100: Memory Usage (435924K) : metal4_drw has 0 polygons
2026-01-04 17:56:01 +0100: Memory Usage (435924K) : metal4_filler has 0 polygons
2026-01-04 17:56:01 +0100: Memory Usage (435924K) : metal4_slit has 0 polygons
2026-01-04 17:56:01 +0100: Memory Usage (436188K) : metal5_drw has 0 polygons
2026-01-04 17:56:01 +0100: Memory Usage (436188K) : metal5_filler has 0 polygons
2026-01-04 17:56:01 +0100: Memory Usage (436188K) : metal5_slit has 0 polygons
2026-01-04 17:56:01 +0100: Memory Usage (436188K) : topmetal1_drw has 0 polygons
2026-01-04 17:56:01 +0100: Memory Usage (436188K) : topmetal1_filler has 0 polygons
2026-01-04 17:56:01 +0100: Memory Usage (436188K) : topmetal1_slit has 0 polygons
2026-01-04 17:56:01 +0100: Memory Usage (436452K) : topmetal2_drw has 0 polygons
2026-01-04 17:56:01 +0100: Memory Usage (436452K) : topmetal2_filler has 0 polygons
2026-01-04 17:56:01 +0100: Memory Usage (436452K) : topmetal2_slit has 0 polygons
2026-01-04 17:56:01 +0100: Memory Usage (436452K) : lbe_drw has 0 polygons
2026-01-04 17:56:01 +0100: Memory Usage (436452K) : Loaded TECH DRC rules values from /foss/pdks/ihp-sg13g2/libs.tech/klayout/python/sg13g2_pycell_lib/sg13g2_tech_mod.json
2026-01-04 17:56:01 +0100: Memory Usage (436452K) : Loaded default DRC rules values from /foss/pdks/ihp-sg13g2/libs.tech/klayout/tech/drc/rule_decks/sg13g2_tech_default.json
2026-01-04 17:56:01 +0100: Memory Usage (436452K) : The following rules values were missing in tech json and default values were used:
2026-01-04 17:56:01 +0100: Memory Usage (436452K) :   - Cnt_c_digibnd
2026-01-04 17:56:01 +0100: Memory Usage (436716K) : Total area of the design is 3.9336 um^2.
2026-01-04 17:56:01 +0100: Memory Usage (436716K) : Starting density IHP-SG13G2 derivations.
2026-01-04 17:56:01 +0100: Memory Usage (438732K) : Starting IHP-SG13G2 DENSITY DRC rules.
2026-01-04 17:56:01 +0100: Memory Usage (438732K) : Tiling mode enabled: executing rules with chip tiling applied.
2026-01-04 17:56:01 +0100: Memory Usage (438732K) : Computing activ area and density...
2026-01-04 17:56:01 +0100: Memory Usage (439628K) : Executing rule AFil.g
2026-01-04 17:56:01 +0100: Memory Usage (439628K) : Executing rule AFil.g1
2026-01-04 17:56:01 +0100: Memory Usage (439628K) : Executing rule AFil.g2
2026-01-04 17:56:01 +0100: Memory Usage (439628K) : Executing rule AFil.g3
2026-01-04 17:56:01 +0100: Memory Usage (439940K) : Computing poly area and density...
2026-01-04 17:56:01 +0100: Memory Usage (439940K) : Executing rule GFil.g
2026-01-04 17:56:01 +0100: Memory Usage (439940K) : Computing metal1 area and density...
2026-01-04 17:56:01 +0100: Memory Usage (439940K) : Executing rule M1.j
2026-01-04 17:56:01 +0100: Memory Usage (439940K) : Executing rule M1.k
2026-01-04 17:56:01 +0100: Memory Usage (439940K) : Computing metal2 area and density...
2026-01-04 17:56:01 +0100: Memory Usage (439940K) : Computing metal3 area and density...
2026-01-04 17:56:01 +0100: Memory Usage (439940K) : Computing metal4 area and density...
2026-01-04 17:56:01 +0100: Memory Usage (440204K) : Computing metal5 area and density...
2026-01-04 17:56:01 +0100: Memory Usage (440204K) : Executing rule M2.j
2026-01-04 17:56:01 +0100: Memory Usage (440204K) : Executing rule M2.k
2026-01-04 17:56:01 +0100: Memory Usage (440204K) : Executing rule M3.j
2026-01-04 17:56:01 +0100: Memory Usage (440204K) : Executing rule M3.k
2026-01-04 17:56:01 +0100: Memory Usage (440204K) : Executing rule M4.j
2026-01-04 17:56:01 +0100: Memory Usage (440204K) : Executing rule M4.k
2026-01-04 17:56:01 +0100: Memory Usage (440204K) : Executing rule M5.j
2026-01-04 17:56:01 +0100: Memory Usage (440204K) : Executing rule M5.k
2026-01-04 17:56:01 +0100: Memory Usage (440204K) : Executing rule M1Fil.h
2026-01-04 17:56:01 +0100: Memory Usage (440500K) : Executing rule M1Fil.k
2026-01-04 17:56:01 +0100: Memory Usage (440500K) : Executing rule M2Fil.h
2026-01-04 17:56:01 +0100: Memory Usage (440760K) : Executing rule M2Fil.k
2026-01-04 17:56:01 +0100: Memory Usage (440760K) : Executing rule M3Fil.h
2026-01-04 17:56:01 +0100: Memory Usage (440760K) : Executing rule M3Fil.k
2026-01-04 17:56:01 +0100: Memory Usage (440760K) : Executing rule M4Fil.h
2026-01-04 17:56:01 +0100: Memory Usage (441024K) : Executing rule M4Fil.k
2026-01-04 17:56:01 +0100: Memory Usage (441024K) : Executing rule M5Fil.h
2026-01-04 17:56:01 +0100: Memory Usage (441024K) : Executing rule M5Fil.k
2026-01-04 17:56:01 +0100: Memory Usage (441288K) : Computing TopMetal1 area and density...
2026-01-04 17:56:01 +0100: Memory Usage (441288K) : Executing rule TM1.c
2026-01-04 17:56:01 +0100: Memory Usage (441448K) : Executing rule TM1.d
2026-01-04 17:56:01 +0100: Memory Usage (441448K) : Computing TopMetal2 area and density...
2026-01-04 17:56:01 +0100: Memory Usage (441448K) : Executing rule TM2.c
2026-01-04 17:56:01 +0100: Memory Usage (441448K) : Executing rule TM2.d
2026-01-04 17:56:01 +0100: Memory Usage (441448K) : Computing LBE area and density...
2026-01-04 17:56:01 +0100: Memory Usage (441448K) : Executing rule LBE.i
2026-01-04 17:56:01 +0100: Memory Usage (441448K) : Executing rule Slt.i_M1
2026-01-04 17:56:01 +0100: Memory Usage (441708K) : Executing rule Slt.i_M2
2026-01-04 17:56:01 +0100: Memory Usage (442240K) : Executing rule Slt.i_M3
2026-01-04 17:56:01 +0100: Memory Usage (442608K) : Executing rule Slt.i_M4
2026-01-04 17:56:01 +0100: Memory Usage (442968K) : Executing rule Slt.i_M5
2026-01-04 17:56:01 +0100: Memory Usage (443228K) : Executing rule Slt.i_TM1
2026-01-04 17:56:01 +0100: Memory Usage (443492K) : Executing rule Slt.i_TM2
2026-01-04 17:56:01 +0100: Memory Usage (443968K) : ##################################################
2026-01-04 17:56:01 +0100: Memory Usage (443968K) :                  Density Report                 #
2026-01-04 17:56:01 +0100: Memory Usage (443968K) : ##################################################
2026-01-04 17:56:01 +0100: Memory Usage (443968K) : 
2026-01-04 17:56:01 +0100: Memory Usage (443968K) : Layer areas and percentages (units: um^2)
2026-01-04 17:56:01 +0100: Memory Usage (443968K) : --------------------------------------------------
2026-01-04 17:56:01 +0100: Memory Usage (443968K) : 
2026-01-04 17:56:01 +0100: Memory Usage (443968K) : Total Area     = 3.93 um^2
2026-01-04 17:56:01 +0100: Memory Usage (443968K) : 
2026-01-04 17:56:01 +0100: Memory Usage (443968K) : Activ      Area      =  0.89 µm²
2026-01-04 17:56:01 +0100: Memory Usage (443968K) : Activ      Density % = 22.57%  [Min = 35.00%,  Max = 55.00%]
2026-01-04 17:56:01 +0100: Memory Usage (443968K) : 
2026-01-04 17:56:01 +0100: Memory Usage (443968K) : GatPoly    Area      =  0.25 µm²
2026-01-04 17:56:01 +0100: Memory Usage (443968K) : GatPoly    Density % =  6.40%  [Min = 15.00%]
2026-01-04 17:56:01 +0100: Memory Usage (443968K) : 
2026-01-04 17:56:01 +0100: Memory Usage (443968K) : Metal1     Area      =  1.34 µm²
2026-01-04 17:56:01 +0100: Memory Usage (443968K) : Metal1     Density % = 34.16%  [Min = 35.00%,  Max = 60.00%]
2026-01-04 17:56:01 +0100: Memory Usage (443968K) : 
2026-01-04 17:56:01 +0100: Memory Usage (443968K) : Metal2     Area      =  0.00 µm²
2026-01-04 17:56:01 +0100: Memory Usage (443968K) : Metal2     Density % =  0.00%  [Min = 35.00%,  Max = 60.00%]
2026-01-04 17:56:01 +0100: Memory Usage (443968K) : 
2026-01-04 17:56:01 +0100: Memory Usage (443968K) : Metal3     Area      =  0.00 µm²
2026-01-04 17:56:01 +0100: Memory Usage (443968K) : Metal3     Density % =  0.00%  [Min = 35.00%,  Max = 60.00%]
2026-01-04 17:56:01 +0100: Memory Usage (443968K) : 
2026-01-04 17:56:01 +0100: Memory Usage (443968K) : Metal4     Area      =  0.00 µm²
2026-01-04 17:56:01 +0100: Memory Usage (443968K) : Metal4     Density % =  0.00%  [Min = 35.00%,  Max = 60.00%]
2026-01-04 17:56:01 +0100: Memory Usage (443968K) : 
2026-01-04 17:56:01 +0100: Memory Usage (443968K) : Metal5     Area      =  0.00 µm²
2026-01-04 17:56:01 +0100: Memory Usage (443968K) : Metal5     Density % =  0.00%  [Min = 35.00%,  Max = 60.00%]
2026-01-04 17:56:01 +0100: Memory Usage (443968K) : 
2026-01-04 17:56:01 +0100: Memory Usage (443968K) : TopMetal1  Area      =  0.00 µm²
2026-01-04 17:56:01 +0100: Memory Usage (443968K) : TopMetal1  Density % =  0.00%  [Min = 25.00%,  Max = 70.00%]
2026-01-04 17:56:01 +0100: Memory Usage (443968K) : 
2026-01-04 17:56:01 +0100: Memory Usage (443968K) : TopMetal2  Area      =  0.00 µm²
2026-01-04 17:56:01 +0100: Memory Usage (443968K) : TopMetal2  Density % =  0.00%  [Min = 25.00%,  Max = 70.00%]
2026-01-04 17:56:01 +0100: Memory Usage (443968K) : 
2026-01-04 17:56:01 +0100: Memory Usage (443968K) : LBE        Area      =  0.00 µm²
2026-01-04 17:56:01 +0100: Memory Usage (443968K) : LBE        Density % =  0.00%  [Max = 70.00%]
2026-01-04 17:56:01 +0100: Memory Usage (443968K) : 
2026-01-04 17:56:01 +0100: Memory Usage (443968K) : KLayout DRC run for density table completed in 0.16 seconds
