Flattening unmatched subcell inv in circuit inv_d2 (1)(2 instances)

Class inv_d2 (1):  Merged 2 parallel devices.
Subcircuit summary:
Circuit 1: inv_d2                          |Circuit 2: inv_d2                          
-------------------------------------------|-------------------------------------------
sg13_lv_nmos (1)                           |sg13_lv_nmos (2->1)                        
sg13_lv_pmos (1)                           |sg13_lv_pmos (2->1)                        
Number of devices: 2                       |Number of devices: 2                       
Number of nets: 4                          |Number of nets: 4                          
---------------------------------------------------------------------------------------
Netlists match uniquely.

Subcircuit pins:
Circuit 1: inv_d2                          |Circuit 2: inv_d2                          
-------------------------------------------|-------------------------------------------
VDD                                        |VDD                                        
VOUT                                       |VOUT                                       
VIN                                        |VIN                                        
VSS                                        |VSS                                        
---------------------------------------------------------------------------------------
Cell pin lists are equivalent.
Device classes inv_d2 and inv_d2 are equivalent.

Subcircuit summary:
Circuit 1: inv_d4                          |Circuit 2: inv_d4                          
-------------------------------------------|-------------------------------------------
inv_d2 (2)                                 |inv_d2 (2)                                 
Number of devices: 2                       |Number of devices: 2                       
Number of nets: 4                          |Number of nets: 4                          
---------------------------------------------------------------------------------------
Resolving symmetries by property value.
Resolving symmetries by pin name.
Resolving symmetries by net name.
Netlists match with 1 symmetry.

Subcircuit pins:
Circuit 1: inv_d4                          |Circuit 2: inv_d4                          
-------------------------------------------|-------------------------------------------
VDD                                        |VDD                                        
VOUT                                       |VOUT                                       
VIN                                        |VIN                                        
VSS                                        |VSS                                        
---------------------------------------------------------------------------------------
Cell pin lists are equivalent.
Device classes inv_d4 and inv_d4 are equivalent.

Subcircuit summary:
Circuit 1: inv_d8                          |Circuit 2: inv_d8                          
-------------------------------------------|-------------------------------------------
inv_d4 (2)                                 |inv_d4 (2)                                 
Number of devices: 2                       |Number of devices: 2                       
Number of nets: 4                          |Number of nets: 4                          
---------------------------------------------------------------------------------------
Resolving symmetries by property value.
Resolving symmetries by pin name.
Resolving symmetries by net name.
Netlists match with 1 symmetry.

Subcircuit pins:
Circuit 1: inv_d8                          |Circuit 2: inv_d8                          
-------------------------------------------|-------------------------------------------
VDD                                        |VDD                                        
VOUT                                       |VOUT                                       
VIN                                        |VIN                                        
VSS                                        |VSS                                        
---------------------------------------------------------------------------------------
Cell pin lists are equivalent.
Device classes inv_d8 and inv_d8 are equivalent.

Subcircuit summary:
Circuit 1: tg_custom                       |Circuit 2: tg_custom                       
-------------------------------------------|-------------------------------------------
sg13_lv_nmos (1)                           |sg13_lv_nmos (1)                           
sg13_lv_pmos (1)                           |sg13_lv_pmos (1)                           
Number of devices: 2                       |Number of devices: 2                       
Number of nets: 6                          |Number of nets: 6                          
---------------------------------------------------------------------------------------
Resolving symmetries by property value.
Resolving symmetries by pin name.
Netlists match uniquely.

Subcircuit pins:
Circuit 1: tg_custom                       |Circuit 2: tg_custom                       
-------------------------------------------|-------------------------------------------
VSN                                        |VSN                                        
VBN                                        |VBN                                        
VSP                                        |VSP                                        
VBP                                        |VBP                                        
VOUT                                       |VOUT                                       
VIN                                        |VIN                                        
---------------------------------------------------------------------------------------
Cell pin lists are equivalent.
Device classes tg_custom and tg_custom are equivalent.

Subcircuit summary:
Circuit 1: inv_xor                         |Circuit 2: inv_xor                         
-------------------------------------------|-------------------------------------------
sg13_lv_nmos (1)                           |sg13_lv_nmos (1)                           
sg13_lv_pmos (1)                           |sg13_lv_pmos (1)                           
Number of devices: 2                       |Number of devices: 2                       
Number of nets: 6                          |Number of nets: 6                          
---------------------------------------------------------------------------------------
Netlists match uniquely.

Subcircuit pins:
Circuit 1: inv_xor                         |Circuit 2: inv_xor                         
-------------------------------------------|-------------------------------------------
VOUT                                       |VOUT                                       
VIN                                        |VIN                                        
VDD                                        |VDD                                        
VBP                                        |VBP                                        
VSS                                        |VSS                                        
VBN                                        |VBN                                        
---------------------------------------------------------------------------------------
Cell pin lists are equivalent.
Device classes inv_xor and inv_xor are equivalent.
Flattening unmatched subcell inv in circuit buff_d8 (1)(1 instance)

Subcircuit summary:
Circuit 1: buff_d8                         |Circuit 2: buff_d8                         
-------------------------------------------|-------------------------------------------
inv_d2 (1)                                 |inv_d2 (1)                                 
inv_d4 (1)                                 |inv_d4 (1)                                 
inv_d8 (1)                                 |inv_d8 (1)                                 
sg13_lv_nmos (1)                           |sg13_lv_nmos (1)                           
sg13_lv_pmos (1)                           |sg13_lv_pmos (1)                           
Number of devices: 5                       |Number of devices: 5                       
Number of nets: 7                          |Number of nets: 7                          
---------------------------------------------------------------------------------------
Netlists match uniquely.

Subcircuit pins:
Circuit 1: buff_d8                         |Circuit 2: buff_d8                         
-------------------------------------------|-------------------------------------------
VOUT                                       |VOUT                                       
VIN                                        |VIN                                        
VDD                                        |VDD                                        
VSS                                        |VSS                                        
---------------------------------------------------------------------------------------
Cell pin lists are equivalent.
Device classes buff_d8 and buff_d8 are equivalent.
Flattening unmatched subcell inv in circuit xor_custom (1)(1 instance)

Subcircuit summary:
Circuit 1: xor_custom                      |Circuit 2: xor_custom                      
-------------------------------------------|-------------------------------------------
tg_custom (1)                              |tg_custom (1)                              
inv_xor (1)                                |inv_xor (1)                                
sg13_lv_nmos (1)                           |sg13_lv_nmos (1)                           
sg13_lv_pmos (1)                           |sg13_lv_pmos (1)                           
Number of devices: 4                       |Number of devices: 4                       
Number of nets: 6                          |Number of nets: 6                          
---------------------------------------------------------------------------------------
Netlists match uniquely.

Subcircuit pins:
Circuit 1: xor_custom                      |Circuit 2: xor_custom                      
-------------------------------------------|-------------------------------------------
A                                          |A                                          
VOUT                                       |VOUT                                       
VDD                                        |VDD                                        
B                                          |B                                          
VSS                                        |VSS                                        
---------------------------------------------------------------------------------------
Cell pin lists are equivalent.
Device classes xor_custom and xor_custom are equivalent.
Flattening unmatched subcell inv in circuit 8xPI_logic (1)(18 instances)

Subcircuit summary:
Circuit 1: 8xPI_logic                      |Circuit 2: 8xPI_logic                      
-------------------------------------------|-------------------------------------------
buff_d8 (1)                                |buff_d8 (1)                                
xor_custom (8)                             |xor_custom (8)                             
sg13_lv_nmos (18)                          |sg13_lv_nmos (18)                          
sg13_lv_pmos (18)                          |sg13_lv_pmos (18)                          
Number of devices: 45                      |Number of devices: 45                      
Number of nets: 38                         |Number of nets: 38                         
---------------------------------------------------------------------------------------
Resolving symmetries by property value.
Resolving symmetries by pin name.
Netlists match uniquely.

Subcircuit pins:
Circuit 1: 8xPI_logic                      |Circuit 2: 8xPI_logic                      
-------------------------------------------|-------------------------------------------
SQ[1]                                      |SQ[1]                                      
SQ[2]                                      |SQ[2]                                      
S[4]                                       |S[4]                                       
SQ[0]                                      |SQ[0]                                      
ST[7]                                      |ST[7]                                      
ST[6]                                      |ST[6]                                      
ST[5]                                      |ST[5]                                      
ST[4]                                      |ST[4]                                      
ST[3]                                      |ST[3]                                      
ST[2]                                      |ST[2]                                      
ST[1]                                      |ST[1]                                      
STQ[7]                                     |STQ[7]                                     
STQ[6]                                     |STQ[6]                                     
STQ[5]                                     |STQ[5]                                     
STQ[4]                                     |STQ[4]                                     
STQ[3]                                     |STQ[3]                                     
STQ[2]                                     |STQ[2]                                     
STQ[1]                                     |STQ[1]                                     
S[3]                                       |S[3]                                       
VDD                                        |VDD                                        
VSS                                        |VSS                                        
---------------------------------------------------------------------------------------
Cell pin lists are equivalent.
Device classes 8xPI_logic and 8xPI_logic are equivalent.

Final result: Circuits match uniquely.
.
